Mar 22 01:16:08 devbox systemd[1]: rsyslog.service: Sent signal SIGHUP to main process 704 (rsyslogd) on client request.
Mar 22 01:16:08 devbox systemd-hostnamed[746]: Hostname set to <devbox> (static)
Mar 22 01:16:08 devbox systemd[1]: rsyslog.service: Sent signal SIGHUP to main process 704 (rsyslogd) on client request.
Mar 22 01:16:08 devbox rsyslogd: [origin software="rsyslogd" swVersion="8.2112.0" x-pid="704" x-info="https://www.rsyslog.com"] rsyslogd was HUPed
Mar 22 01:16:08 devbox networkd-dispatcher[702]: No valid path found for iwconfig
Mar 22 01:16:08 devbox networkd-dispatcher[702]: No valid path found for iw
Mar 22 01:16:08 devbox systemd[1]: logrotate.service: Deactivated successfully.
Mar 22 01:16:08 devbox systemd[1]: Finished Rotate log files.
Mar 22 01:16:08 devbox systemd[1]: Started Dispatcher daemon for systemd-networkd.
Mar 22 01:16:09 devbox systemd[1]: Started Disk Manager.
Mar 22 01:16:09 devbox udisksd[711]: Acquired the name org.freedesktop.UDisks2 on the system message bus
Mar 22 01:16:10 devbox systemd[1]: tmp-snap.rootfs_JbbqKG.mount: Deactivated successfully.
Mar 22 01:16:10 devbox snapd[707]: overlord.go:271: Acquiring state lock file
Mar 22 01:16:10 devbox snapd[707]: overlord.go:276: Acquired state lock file
Mar 22 01:16:11 devbox snapd[707]: daemon.go:247: started snapd/2.61.2 (series 16; classic) ubuntu/22.04 (amd64) linux/5.15.0-100-generic.
Mar 22 01:16:11 devbox kernel: [   16.094083] loop6: detected capacity change from 0 to 8
Mar 22 01:16:11 devbox systemd[1]: tmp-syscheck\x2dmountpoint\x2d652728441.mount: Deactivated successfully.
Mar 22 01:16:11 devbox snapd[707]: daemon.go:340: adjusting startup timeout by 45s (pessimistic estimate of 30s plus 5s per snap)
Mar 22 01:16:11 devbox snapd[707]: backends.go:58: AppArmor status: apparmor is enabled and all features are available (using snapd provided apparmor_parser)
Mar 22 01:16:11 devbox systemd[1]: Started Snap Daemon.
Mar 22 01:16:11 devbox systemd[1]: Starting Wait until snapd is fully seeded...
Mar 22 01:16:11 devbox dbus-daemon[696]: [system] Activating via systemd: service name='org.freedesktop.timedate1' unit='dbus-org.freedesktop.timedate1.service' requested by ':1.12' (uid=0 pid=707 comm="/usr/lib/snapd/snapd " label="unconfined")
Mar 22 01:16:11 devbox systemd[1]: Starting Time & Date Service...
Mar 22 01:16:11 devbox dbus-daemon[696]: [system] Successfully activated service 'org.freedesktop.timedate1'
Mar 22 01:16:11 devbox systemd[1]: Started Time & Date Service.
Mar 22 01:16:11 devbox systemd[1]: Finished Wait until snapd is fully seeded.
Mar 22 01:16:11 devbox systemd[1]: Starting Apply the settings specified in cloud-config...
Mar 22 01:16:11 devbox systemd[1]: Condition check resulted in Auto import assertions from block devices being skipped.
Mar 22 01:16:11 devbox ModemManager[747]: <info>  [base-manager] couldn't check support for device '/sys/devices/pci0000:00/0000:00:03.0': not supported by any plugin
Mar 22 01:16:11 devbox lxd.activate[706]: => Starting LXD activation
Mar 22 01:16:11 devbox lxd.activate[706]: ==> Loading snap configuration
Mar 22 01:16:11 devbox lxd.activate[706]: ==> Checking for socket activation support
Mar 22 01:16:11 devbox lxd.activate[706]: ==> Setting LXD socket ownership
Mar 22 01:16:11 devbox lxd.activate[706]: ==> Setting LXD user socket ownership
Mar 22 01:16:11 devbox lxd.activate[706]: ==> LXD never started on this system, no need to start it now
Mar 22 01:16:11 devbox systemd[1]: snap.lxd.activate.service: Deactivated successfully.
Mar 22 01:16:11 devbox systemd[1]: Finished Service for snap application lxd.activate.
Mar 22 01:16:11 devbox systemd[1]: snap.lxd.activate.service: Consumed 1.289s CPU time.
Mar 22 01:16:11 devbox systemd[1]: Reached target Multi-User System.
Mar 22 01:16:11 devbox systemd[1]: Reached target Graphical Interface.
Mar 22 01:16:11 devbox systemd[1]: Starting Record Runlevel Change in UTMP...
Mar 22 01:16:11 devbox systemd[1]: systemd-update-utmp-runlevel.service: Deactivated successfully.
Mar 22 01:16:11 devbox systemd[1]: Finished Record Runlevel Change in UTMP.
Mar 22 01:16:12 devbox cloud-init[887]: Cloud-init v. 23.4.4-0ubuntu0~22.04.1 running 'modules:config' at Fri, 22 Mar 2024 01:16:12 +0000. Up 17.00 seconds.
Mar 22 01:16:12 devbox systemd[1]: Finished Apply the settings specified in cloud-config.
Mar 22 01:16:12 devbox systemd[1]: Starting Execute cloud user/final scripts...
Mar 22 01:16:12 devbox cloud-init[892]: Cloud-init v. 23.4.4-0ubuntu0~22.04.1 running 'modules:final' at Fri, 22 Mar 2024 01:16:12 +0000. Up 17.50 seconds.
Mar 22 01:16:12 devbox cloud-init[892]: Cloud-init v. 23.4.4-0ubuntu0~22.04.1 finished at Fri, 22 Mar 2024 01:16:12 +0000. Datasource DataSourceNone.  Up 17.66 seconds
Mar 22 01:16:12 devbox cloud-init[892]: 2024-03-22 01:16:12,702 - cc_final_message.py[WARNING]: Used fallback datasource
Mar 22 01:16:12 devbox systemd[1]: Finished Execute cloud user/final scripts.
Mar 22 01:16:12 devbox systemd[1]: Reached target Cloud-init target.
Mar 22 01:16:12 devbox systemd[1]: Startup finished in 3.762s (kernel) + 14.014s (userspace) = 17.776s.
Mar 22 01:16:12 devbox systemd[1]: dmesg.service: Deactivated successfully.
Mar 22 01:16:30 devbox systemd[1]: Starting Online ext4 Metadata Check for All Filesystems...
Mar 22 01:16:30 devbox systemd[1]: e2scrub_all.service: Deactivated successfully.
Mar 22 01:16:30 devbox systemd[1]: Finished Online ext4 Metadata Check for All Filesystems.
Mar 22 01:16:31 devbox systemd[1]: systemd-fsckd.service: Deactivated successfully.
Mar 22 01:16:32 devbox systemd[1]: Created slice User Slice of UID 1000.
Mar 22 01:16:32 devbox systemd[1]: Starting User Runtime Directory /run/user/1000...
Mar 22 01:16:32 devbox systemd[1]: Finished User Runtime Directory /run/user/1000.
Mar 22 01:16:32 devbox systemd[1]: Starting User Manager for UID 1000...
Mar 22 01:16:32 devbox systemd[1016]: Queued start job for default target Main User Target.
Mar 22 01:16:32 devbox systemd[1016]: Created slice User Application Slice.
Mar 22 01:16:32 devbox systemd[1016]: Reached target Paths.
Mar 22 01:16:32 devbox systemd[1016]: Reached target Timers.
Mar 22 01:16:32 devbox systemd[1016]: Starting D-Bus User Message Bus Socket...
Mar 22 01:16:32 devbox systemd[1016]: Listening on GnuPG network certificate management daemon.
Mar 22 01:16:32 devbox systemd[1016]: Listening on GnuPG cryptographic agent and passphrase cache (access for web browsers).
Mar 22 01:16:32 devbox systemd[1016]: Listening on GnuPG cryptographic agent and passphrase cache (restricted).
Mar 22 01:16:32 devbox systemd[1016]: Listening on GnuPG cryptographic agent (ssh-agent emulation).
Mar 22 01:16:32 devbox systemd[1016]: Listening on GnuPG cryptographic agent and passphrase cache.
Mar 22 01:16:32 devbox systemd[1016]: Listening on debconf communication socket.
Mar 22 01:16:32 devbox systemd[1016]: Listening on REST API socket for snapd user session agent.
Mar 22 01:16:32 devbox systemd[1016]: Listening on D-Bus User Message Bus Socket.
Mar 22 01:16:32 devbox systemd[1016]: Reached target Sockets.
Mar 22 01:16:32 devbox systemd[1016]: Reached target Basic System.
Mar 22 01:16:32 devbox systemd[1]: Started User Manager for UID 1000.
Mar 22 01:16:32 devbox systemd[1]: Started Session 1 of User jp.
Mar 22 01:16:32 devbox systemd[1016]: Reached target Main User Target.
Mar 22 01:16:32 devbox systemd[1016]: Startup finished in 217ms.
Mar 22 01:16:38 devbox systemd-resolved[683]: Clock change detected. Flushing caches.
Mar 22 01:16:38 devbox systemd-timesyncd[591]: Initial synchronization to time server 185.125.190.57:123 (ntp.ubuntu.com).
Mar 22 01:16:40 devbox systemd[1]: systemd-hostnamed.service: Deactivated successfully.
Mar 22 01:16:45 devbox systemd[1]: systemd-timedated.service: Deactivated successfully.
Mar 22 01:17:03 devbox CRON[1164]: (root) CMD (   cd / && run-parts --report /etc/cron.hourly)
Mar 22 01:17:59 devbox systemd[1]: Started Session 4 of User jp.
Mar 22 01:17:59 devbox kernel: [  123.472744] [UFW BLOCK] IN=enp0s3 OUT= MAC=01:00:5e:00:00:01:6c:5a:b0:40:ae:f6:08:00 SRC=192.168.0.1 DST=224.0.0.1 LEN=32 TOS=0x00 PREC=0x00 TTL=1 ID=0 DF PROTO=2 
Mar 22 01:18:09 devbox vsce-sign: Package file size:  11539418
Mar 22 01:18:09 devbox vsce-sign: Signature archive file size:  19394
Mar 22 01:18:09 devbox vsce-sign: Manifest file size:  35248
Mar 22 01:18:09 devbox vsce-sign: Signature file size:  12126
Mar 22 01:18:09 devbox vsce-sign: ManifestPackageIntegrityPolicy succeeded.
Mar 22 01:18:09 devbox vsce-sign: SignatureIntegrityPolicy for primary signature succeeded.
Mar 22 01:18:09 devbox vsce-sign: SignatureValidityPolicy for primary signature succeeded.
Mar 22 01:18:10 devbox vsce-sign: SignatureIntegrityPolicy for primary timestamp signature succeeded.
Mar 22 01:18:10 devbox vsce-sign: SignatureValidityPolicy for primary timestamp signature succeeded.
Mar 22 01:18:10 devbox vsce-sign: X.509 certificate chain validation will use the fallback certificate bundle for timestamping.
Mar 22 01:18:10 devbox vsce-sign: SignatureTrustPolicy for repository primary signature timestamp signature succeeded.
Mar 22 01:18:10 devbox vsce-sign: X.509 certificate chain validation will use the fallback certificate bundle for code signing.
Mar 22 01:18:11 devbox vsce-sign: SignatureTrustPolicy for repository primary signature succeeded.
Mar 22 01:18:11 devbox vsce-sign: RepositoryCountersignaturePolicy for repository primary signature succeeded.
Mar 22 01:18:11 devbox vsce-sign: Primary signature type:  repository primary signature
Mar 22 01:18:11 devbox vsce-sign: Primary signature status:  OK
Mar 22 01:18:11 devbox vsce-sign: Timestamp signature status:  OK
Mar 22 01:18:11 devbox vsce-sign: Exit code:  Success
Mar 22 01:18:12 devbox systemd[1]: Started Session 5 of User jp.
Mar 22 01:19:45 devbox systemd[1]: Started Session 6 of User jp.
Mar 22 01:20:04 devbox kernel: [  248.481109] [UFW BLOCK] IN=enp0s3 OUT= MAC=01:00:5e:00:00:01:6c:5a:b0:40:ae:f6:08:00 SRC=192.168.0.1 DST=224.0.0.1 LEN=32 TOS=0x00 PREC=0x00 TTL=1 ID=0 DF PROTO=2 
Mar 22 01:21:00 devbox systemd[1]: Starting Download data for packages that failed at package install time...
Mar 22 01:21:01 devbox systemd[1]: update-notifier-download.service: Deactivated successfully.
Mar 22 01:21:01 devbox systemd[1]: Finished Download data for packages that failed at package install time.
Mar 22 01:21:15 devbox dbus-daemon[696]: [system] Activating via systemd: service name='org.freedesktop.timedate1' unit='dbus-org.freedesktop.timedate1.service' requested by ':1.12' (uid=0 pid=707 comm="/usr/lib/snapd/snapd " label="unconfined")
Mar 22 01:21:15 devbox systemd[1]: Starting Time & Date Service...
Mar 22 01:21:15 devbox dbus-daemon[696]: [system] Successfully activated service 'org.freedesktop.timedate1'
Mar 22 01:21:15 devbox systemd[1]: Started Time & Date Service.
Mar 22 01:21:17 devbox snapd[707]: storehelpers.go:791: cannot refresh: snap has no updates available: "core20", "lxd", "snapd"
Mar 22 01:21:45 devbox systemd[1]: systemd-timedated.service: Deactivated successfully.
Mar 22 01:22:09 devbox kernel: [  373.489891] [UFW BLOCK] IN=enp0s3 OUT= MAC=01:00:5e:00:00:01:6c:5a:b0:40:ae:f6:08:00 SRC=192.168.0.1 DST=224.0.0.1 LEN=32 TOS=0x00 PREC=0x00 TTL=1 ID=0 DF PROTO=2 
Mar 22 01:23:09 devbox systemd[1]: session-4.scope: Deactivated successfully.
Mar 22 01:23:09 devbox systemd[1]: session-4.scope: Consumed 10.438s CPU time.
Mar 22 01:24:14 devbox kernel: [  498.498479] [UFW BLOCK] IN=enp0s3 OUT= MAC=01:00:5e:00:00:01:6c:5a:b0:40:ae:f6:08:00 SRC=192.168.0.1 DST=224.0.0.1 LEN=32 TOS=0x00 PREC=0x00 TTL=1 ID=0 DF PROTO=2 
Mar 22 01:26:19 devbox kernel: [  623.507260] [UFW BLOCK] IN=enp0s3 OUT= MAC=01:00:5e:00:00:01:6c:5a:b0:40:ae:f6:08:00 SRC=192.168.0.1 DST=224.0.0.1 LEN=32 TOS=0x00 PREC=0x00 TTL=1 ID=0 DF PROTO=2 
Mar 22 01:28:24 devbox kernel: [  748.515554] [UFW BLOCK] IN=enp0s3 OUT= MAC=01:00:5e:00:00:01:6c:5a:b0:40:ae:f6:08:00 SRC=192.168.0.1 DST=224.0.0.1 LEN=32 TOS=0x00 PREC=0x00 TTL=1 ID=0 DF PROTO=2 
Mar 22 01:28:46 devbox systemd[1]: session-6.scope: Deactivated successfully.
Mar 22 01:28:46 devbox systemd[1]: session-6.scope: Consumed 1.436s CPU time.
Mar 22 01:30:29 devbox kernel: [  873.524665] [UFW BLOCK] IN=enp0s3 OUT= MAC=01:00:5e:00:00:01:6c:5a:b0:40:ae:f6:08:00 SRC=192.168.0.1 DST=224.0.0.1 LEN=32 TOS=0x00 PREC=0x00 TTL=1 ID=0 DF PROTO=2 
Mar 22 01:31:05 devbox systemd[1]: Starting Cleanup of Temporary Directories...
Mar 22 01:31:06 devbox systemd[1]: systemd-tmpfiles-clean.service: Deactivated successfully.
Mar 22 01:31:06 devbox systemd[1]: Finished Cleanup of Temporary Directories.
Mar 22 01:32:34 devbox kernel: [  998.532858] [UFW BLOCK] IN=enp0s3 OUT= MAC=01:00:5e:00:00:01:6c:5a:b0:40:ae:f6:08:00 SRC=192.168.0.1 DST=224.0.0.1 LEN=32 TOS=0x00 PREC=0x00 TTL=1 ID=0 DF PROTO=2 
Mar 22 01:34:39 devbox kernel: [ 1123.541531] [UFW BLOCK] IN=enp0s3 OUT= MAC=01:00:5e:00:00:01:6c:5a:b0:40:ae:f6:08:00 SRC=192.168.0.1 DST=224.0.0.1 LEN=32 TOS=0x00 PREC=0x00 TTL=1 ID=0 DF PROTO=2 
Mar 22 01:36:44 devbox kernel: [ 1248.550109] [UFW BLOCK] IN=enp0s3 OUT= MAC=01:00:5e:00:00:01:6c:5a:b0:40:ae:f6:08:00 SRC=192.168.0.1 DST=224.0.0.1 LEN=32 TOS=0x00 PREC=0x00 TTL=1 ID=0 DF PROTO=2 
Mar 22 01:38:50 devbox kernel: [ 1373.558933] [UFW BLOCK] IN=enp0s3 OUT= MAC=01:00:5e:00:00:01:6c:5a:b0:40:ae:f6:08:00 SRC=192.168.0.1 DST=224.0.0.1 LEN=32 TOS=0x00 PREC=0x00 TTL=1 ID=0 DF PROTO=2 
Mar 22 01:40:55 devbox kernel: [ 1498.567437] [UFW BLOCK] IN=enp0s3 OUT= MAC=01:00:5e:00:00:01:6c:5a:b0:40:ae:f6:08:00 SRC=192.168.0.1 DST=224.0.0.1 LEN=32 TOS=0x00 PREC=0x00 TTL=1 ID=0 DF PROTO=2 
Mar 22 01:43:00 devbox kernel: [ 1623.576453] [UFW BLOCK] IN=enp0s3 OUT= MAC=01:00:5e:00:00:01:6c:5a:b0:40:ae:f6:08:00 SRC=192.168.0.1 DST=224.0.0.1 LEN=32 TOS=0x00 PREC=0x00 TTL=1 ID=0 DF PROTO=2 
Mar 22 01:45:05 devbox kernel: [ 1748.584990] [UFW BLOCK] IN=enp0s3 OUT= MAC=01:00:5e:00:00:01:6c:5a:b0:40:ae:f6:08:00 SRC=192.168.0.1 DST=224.0.0.1 LEN=32 TOS=0x00 PREC=0x00 TTL=1 ID=0 DF PROTO=2 
Mar 22 01:47:10 devbox kernel: [ 1873.593730] [UFW BLOCK] IN=enp0s3 OUT= MAC=01:00:5e:00:00:01:6c:5a:b0:40:ae:f6:08:00 SRC=192.168.0.1 DST=224.0.0.1 LEN=32 TOS=0x00 PREC=0x00 TTL=1 ID=0 DF PROTO=2 
Mar 22 01:49:15 devbox kernel: [ 1998.602110] [UFW BLOCK] IN=enp0s3 OUT= MAC=01:00:5e:00:00:01:6c:5a:b0:40:ae:f6:08:00 SRC=192.168.0.1 DST=224.0.0.1 LEN=32 TOS=0x00 PREC=0x00 TTL=1 ID=0 DF PROTO=2 
Mar 22 01:51:20 devbox kernel: [ 2123.611234] [UFW BLOCK] IN=enp0s3 OUT= MAC=01:00:5e:00:00:01:6c:5a:b0:40:ae:f6:08:00 SRC=192.168.0.1 DST=224.0.0.1 LEN=32 TOS=0x00 PREC=0x00 TTL=1 ID=0 DF PROTO=2 
Mar 22 01:53:25 devbox kernel: [ 2248.619035] [UFW BLOCK] IN=enp0s3 OUT= MAC=01:00:5e:00:00:01:6c:5a:b0:40:ae:f6:08:00 SRC=192.168.0.1 DST=224.0.0.1 LEN=32 TOS=0x00 PREC=0x00 TTL=1 ID=0 DF PROTO=2 
Mar 22 01:55:30 devbox kernel: [ 2373.627861] [UFW BLOCK] IN=enp0s3 OUT= MAC=01:00:5e:00:00:01:6c:5a:b0:40:ae:f6:08:00 SRC=192.168.0.1 DST=224.0.0.1 LEN=32 TOS=0x00 PREC=0x00 TTL=1 ID=0 DF PROTO=2 
Mar 22 01:57:35 devbox kernel: [ 2498.636645] [UFW BLOCK] IN=enp0s3 OUT= MAC=01:00:5e:00:00:01:6c:5a:b0:40:ae:f6:08:00 SRC=192.168.0.1 DST=224.0.0.1 LEN=32 TOS=0x00 PREC=0x00 TTL=1 ID=0 DF PROTO=2 
Mar 22 01:59:40 devbox kernel: [ 2623.645371] [UFW BLOCK] IN=enp0s3 OUT= MAC=01:00:5e:00:00:01:6c:5a:b0:40:ae:f6:08:00 SRC=192.168.0.1 DST=224.0.0.1 LEN=32 TOS=0x00 PREC=0x00 TTL=1 ID=0 DF PROTO=2 
Mar 22 02:01:45 devbox kernel: [ 2748.654070] [UFW BLOCK] IN=enp0s3 OUT= MAC=01:00:5e:00:00:01:6c:5a:b0:40:ae:f6:08:00 SRC=192.168.0.1 DST=224.0.0.1 LEN=32 TOS=0x00 PREC=0x00 TTL=1 ID=0 DF PROTO=2 
Mar 22 02:03:50 devbox kernel: [ 2873.662552] [UFW BLOCK] IN=enp0s3 OUT= MAC=01:00:5e:00:00:01:6c:5a:b0:40:ae:f6:08:00 SRC=192.168.0.1 DST=224.0.0.1 LEN=32 TOS=0x00 PREC=0x00 TTL=1 ID=0 DF PROTO=2 
Mar 22 02:05:55 devbox kernel: [ 2998.671439] [UFW BLOCK] IN=enp0s3 OUT= MAC=01:00:5e:00:00:01:6c:5a:b0:40:ae:f6:08:00 SRC=192.168.0.1 DST=224.0.0.1 LEN=32 TOS=0x00 PREC=0x00 TTL=1 ID=0 DF PROTO=2 
Mar 22 02:08:00 devbox kernel: [ 3123.679781] [UFW BLOCK] IN=enp0s3 OUT= MAC=01:00:5e:00:00:01:6c:5a:b0:40:ae:f6:08:00 SRC=192.168.0.1 DST=224.0.0.1 LEN=32 TOS=0x00 PREC=0x00 TTL=1 ID=0 DF PROTO=2 
Mar 22 02:10:05 devbox kernel: [ 3248.688872] [UFW BLOCK] IN=enp0s3 OUT= MAC=01:00:5e:00:00:01:6c:5a:b0:40:ae:f6:08:00 SRC=192.168.0.1 DST=224.0.0.1 LEN=32 TOS=0x00 PREC=0x00 TTL=1 ID=0 DF PROTO=2 
Mar 22 02:10:09 devbox systemd[1]: Starting Daily apt upgrade and clean activities...
Mar 22 02:10:12 devbox systemd[1]: apt-daily-upgrade.service: Deactivated successfully.
Mar 22 02:10:12 devbox systemd[1]: Finished Daily apt upgrade and clean activities.
Mar 22 02:10:12 devbox systemd[1]: apt-daily-upgrade.service: Consumed 2.179s CPU time.
Mar 22 02:12:10 devbox kernel: [ 3373.770576] [UFW BLOCK] IN=enp0s3 OUT= MAC=01:00:5e:00:00:01:6c:5a:b0:40:ae:f6:08:00 SRC=192.168.0.1 DST=224.0.0.1 LEN=32 TOS=0x00 PREC=0x00 TTL=1 ID=0 DF PROTO=2 
Mar 22 02:14:15 devbox kernel: [ 3498.857026] [UFW BLOCK] IN=enp0s3 OUT= MAC=01:00:5e:00:00:01:6c:5a:b0:40:ae:f6:08:00 SRC=192.168.0.1 DST=224.0.0.1 LEN=32 TOS=0x00 PREC=0x00 TTL=1 ID=0 DF PROTO=2 
Mar 22 02:16:20 devbox kernel: [ 3623.954284] [UFW BLOCK] IN=enp0s3 OUT= MAC=01:00:5e:00:00:01:6c:5a:b0:40:ae:f6:08:00 SRC=192.168.0.1 DST=224.0.0.1 LEN=32 TOS=0x00 PREC=0x00 TTL=1 ID=0 DF PROTO=2 
Mar 22 02:17:01 devbox CRON[3638]: (root) CMD (   cd / && run-parts --report /etc/cron.hourly)
Mar 22 02:18:25 devbox kernel: [ 3748.992952] [UFW BLOCK] IN=enp0s3 OUT= MAC=01:00:5e:00:00:01:6c:5a:b0:40:ae:f6:08:00 SRC=192.168.0.1 DST=224.0.0.1 LEN=32 TOS=0x00 PREC=0x00 TTL=1 ID=0 DF PROTO=2 
Mar 22 02:20:30 devbox kernel: [ 3874.091540] [UFW BLOCK] IN=enp0s3 OUT= MAC=01:00:5e:00:00:01:6c:5a:b0:40:ae:f6:08:00 SRC=192.168.0.1 DST=224.0.0.1 LEN=32 TOS=0x00 PREC=0x00 TTL=1 ID=0 DF PROTO=2 
Mar 22 02:22:35 devbox kernel: [ 3999.100129] [UFW BLOCK] IN=enp0s3 OUT= MAC=01:00:5e:00:00:01:6c:5a:b0:40:ae:f6:08:00 SRC=192.168.0.1 DST=224.0.0.1 LEN=32 TOS=0x00 PREC=0x00 TTL=1 ID=0 DF PROTO=2 
Mar 22 02:24:40 devbox kernel: [ 4124.198925] [UFW BLOCK] IN=enp0s3 OUT= MAC=01:00:5e:00:00:01:6c:5a:b0:40:ae:f6:08:00 SRC=192.168.0.1 DST=224.0.0.1 LEN=32 TOS=0x00 PREC=0x00 TTL=1 ID=0 DF PROTO=2 
Mar 22 02:26:45 devbox kernel: [ 4249.208181] [UFW BLOCK] IN=enp0s3 OUT= MAC=01:00:5e:00:00:01:6c:5a:b0:40:ae:f6:08:00 SRC=192.168.0.1 DST=224.0.0.1 LEN=32 TOS=0x00 PREC=0x00 TTL=1 ID=0 DF PROTO=2 
Mar 22 02:28:50 devbox kernel: [ 4374.215981] [UFW BLOCK] IN=enp0s3 OUT= MAC=01:00:5e:00:00:01:6c:5a:b0:40:ae:f6:08:00 SRC=192.168.0.1 DST=224.0.0.1 LEN=32 TOS=0x00 PREC=0x00 TTL=1 ID=0 DF PROTO=2 
Mar 22 02:30:55 devbox kernel: [ 4499.231226] [UFW BLOCK] IN=enp0s3 OUT= MAC=01:00:5e:00:00:01:6c:5a:b0:40:ae:f6:08:00 SRC=192.168.0.1 DST=224.0.0.1 LEN=32 TOS=0x00 PREC=0x00 TTL=1 ID=0 DF PROTO=2 
Mar 25 23:33:08 devbox systemd-modules-load[382]: Inserted module 'msr'
Mar 25 23:33:08 devbox systemd-random-seed[398]: Kernel entropy pool is not initialized yet, waiting until it is.
Mar 25 23:33:08 devbox systemd[1]: Starting Flush Journal to Persistent Storage...
Mar 25 23:33:08 devbox systemd[1]: Finished Set the console keyboard layout.
Mar 25 23:33:08 devbox systemd[1]: Reached target Preparation for Local File Systems.
Mar 25 23:33:08 devbox systemd[1]: Mounting Mount unit for core20, revision 2105...
Mar 25 23:33:08 devbox lvm[376]:   1 logical volume(s) in volume group "ubuntu-vg" monitored
Mar 25 23:33:08 devbox systemd[1]: Mounting Mount unit for core20, revision 2182...
Mar 25 23:33:08 devbox systemd[1]: Mounting Mount unit for lxd, revision 27037...
Mar 25 23:33:08 devbox systemd[1]: Mounting Mount unit for lxd, revision 27428...
Mar 25 23:33:08 devbox systemd[1]: Mounting Mount unit for snapd, revision 20671...
Mar 25 23:33:08 devbox systemd[1]: Mounting Mount unit for snapd, revision 21184...
Mar 25 23:33:08 devbox systemd[1]: Finished Flush Journal to Persistent Storage.
Mar 25 23:33:08 devbox systemd[1]: Mounted Mount unit for lxd, revision 27428.
Mar 25 23:33:08 devbox systemd[1]: Mounted Mount unit for lxd, revision 27037.
Mar 25 23:33:08 devbox systemd[1]: Mounted Mount unit for snapd, revision 20671.
Mar 25 23:33:08 devbox systemd[1]: Mounted Mount unit for core20, revision 2105.
Mar 25 23:33:08 devbox multipathd[411]: --------start up--------
Mar 25 23:33:08 devbox multipathd[411]: read /etc/multipath.conf
Mar 25 23:33:08 devbox multipathd[411]: path checkers start up
Mar 25 23:33:08 devbox systemd[1]: Mounted Mount unit for core20, revision 2182.
Mar 25 23:33:08 devbox systemd[1]: Mounted Mount unit for snapd, revision 21184.
Mar 25 23:33:08 devbox systemd[1]: Reached target Mounted snaps.
Mar 25 23:33:08 devbox systemd[1]: Finished Coldplug All udev Devices.
Mar 25 23:33:08 devbox systemd[1]: Started Rule-based Manager for Device Events and Files.
Mar 25 23:33:08 devbox systemd[1]: Condition check resulted in Show Plymouth Boot Screen being skipped.
Mar 25 23:33:08 devbox systemd[1]: Started Dispatch Password Requests to Console Directory Watch.
Mar 25 23:33:08 devbox systemd[1]: Condition check resulted in Forward Password Requests to Plymouth Directory Watch being skipped.
Mar 25 23:33:08 devbox systemd[1]: Reached target Local Encrypted Volumes.
Mar 25 23:33:08 devbox systemd[1]: Finished Load/Save Random Seed.
Mar 25 23:33:08 devbox systemd[1]: Condition check resulted in First Boot Complete being skipped.
Mar 25 23:33:08 devbox systemd-udevd[439]: Using default interface naming scheme 'v249'.
Mar 25 23:33:08 devbox systemd-udevd[435]: sda: Process '/usr/bin/unshare -m /usr/bin/snap auto-import --mount=/dev/sda' failed with exit code 1.
Mar 25 23:33:08 devbox systemd[1]: Listening on Load/Save RF Kill Switch Status /dev/rfkill Watch.
Mar 25 23:33:08 devbox systemd-udevd[436]: sr0: Process '/usr/bin/unshare -m /usr/bin/snap auto-import --mount=/dev/sr0' failed with exit code 1.
Mar 25 23:33:08 devbox systemd-udevd[438]: sda3: Process '/usr/bin/unshare -m /usr/bin/snap auto-import --mount=/dev/sda3' failed with exit code 1.
Mar 25 23:33:08 devbox systemd[1]: Created slice Slice /system/lvm2-pvscan.
Mar 25 23:33:08 devbox systemd[1]: Starting LVM event activation on device 8:3...
Mar 25 23:33:08 devbox systemd[1]: Reached target Sound Card.
Mar 25 23:33:08 devbox lvm[509]:   pvscan[509] PV /dev/sda3 online, VG ubuntu-vg is complete.
Mar 25 23:33:08 devbox lvm[509]:   pvscan[509] VG ubuntu-vg skip autoactivation.
Mar 25 23:33:08 devbox systemd-udevd[435]: sda1: Process '/usr/bin/unshare -m /usr/bin/snap auto-import --mount=/dev/sda1' failed with exit code 1.
Mar 25 23:33:08 devbox systemd-udevd[431]: dm-0: Process '/usr/bin/unshare -m /usr/bin/snap auto-import --mount=/dev/dm-0' failed with exit code 1.
Mar 25 23:33:08 devbox systemd-udevd[437]: sda2: Process '/usr/bin/unshare -m /usr/bin/snap auto-import --mount=/dev/sda2' failed with exit code 1.
Mar 25 23:33:08 devbox systemd[1]: Found device VBOX_HARDDISK 2.
Mar 25 23:33:08 devbox systemd[1]: Starting File System Check on /dev/disk/by-uuid/3fb26473-64ca-4405-9d1b-5cbbf20bf6f1...
Mar 25 23:33:08 devbox systemd[1]: Finished LVM event activation on device 8:3.
Mar 25 23:33:08 devbox systemd[1]: Started File System Check Daemon to report status.
Mar 25 23:33:08 devbox systemd-fsck[532]: /dev/sda2: recovering journal
Mar 25 23:33:08 devbox systemd-fsck[532]: /dev/sda2: clean, 320/131072 files, 90370/524288 blocks
Mar 25 23:33:08 devbox systemd[1]: Finished File System Check on /dev/disk/by-uuid/3fb26473-64ca-4405-9d1b-5cbbf20bf6f1.
Mar 25 23:33:08 devbox systemd[1]: Mounting /boot...
Mar 25 23:33:08 devbox systemd[1]: Mounted /boot.
Mar 25 23:33:08 devbox systemd[1]: Reached target Local File Systems.
Mar 25 23:33:08 devbox systemd[1]: Starting Load AppArmor profiles...
Mar 25 23:33:08 devbox systemd[1]: Starting Set console font and keymap...
Mar 25 23:33:08 devbox systemd[1]: Starting Create final runtime dir for shutdown pivot root...
Mar 25 23:33:08 devbox systemd[1]: Starting Tell Plymouth To Write Out Runtime Data...
Mar 25 23:33:08 devbox systemd[1]: Starting Set Up Additional Binary Formats...
Mar 25 23:33:08 devbox systemd[1]: Condition check resulted in Store a System Token in an EFI Variable being skipped.
Mar 25 23:33:08 devbox systemd[1]: Condition check resulted in Commit a transient machine-id on disk being skipped.
Mar 25 23:33:08 devbox systemd[1]: Starting Create Volatile Files and Directories...
Mar 25 23:33:08 devbox systemd[1]: Starting Uncomplicated firewall...
Mar 25 23:33:08 devbox systemd[1]: proc-sys-fs-binfmt_misc.automount: Got automount request for /proc/sys/fs/binfmt_misc, triggered by 562 (systemd-binfmt)
Mar 25 23:33:08 devbox systemd[1]: Mounting Arbitrary Executable File Formats File System...
Mar 25 23:33:08 devbox systemd[1]: Finished Create final runtime dir for shutdown pivot root.
Mar 25 23:33:08 devbox systemd[1]: Mounted Arbitrary Executable File Formats File System.
Mar 25 23:33:08 devbox systemd[1]: Finished Set console font and keymap.
Mar 25 23:33:08 devbox systemd[1]: Finished Set Up Additional Binary Formats.
Mar 25 23:33:08 devbox apparmor.systemd[555]: Restarting AppArmor
Mar 25 23:33:08 devbox apparmor.systemd[555]: Reloading AppArmor profiles
Mar 25 23:33:08 devbox systemd[1]: Finished Tell Plymouth To Write Out Runtime Data.
Mar 25 23:33:08 devbox systemd[1]: Finished Create Volatile Files and Directories.
Mar 25 23:33:08 devbox systemd[1]: Starting Network Time Synchronization...
Mar 25 23:33:08 devbox systemd[1]: Starting Record System Boot/Shutdown in UTMP...
Mar 25 23:33:08 devbox systemd[1]: Finished Record System Boot/Shutdown in UTMP.
Mar 25 23:33:08 devbox systemd[1]: Started Network Time Synchronization.
Mar 25 23:33:08 devbox systemd[1]: Reached target System Time Set.
Mar 25 23:33:08 devbox apparmor.systemd[616]: Skipping profile in /etc/apparmor.d/disable: usr.sbin.rsyslogd
Mar 25 23:33:08 devbox systemd[1]: Finished Load AppArmor profiles.
Mar 25 23:33:08 devbox systemd[1]: Starting Load AppArmor profiles managed internally by snapd...
Mar 25 23:33:08 devbox systemd[1]: Condition check resulted in Authentication service for virtual machines hosted on VMware being skipped.
Mar 25 23:33:08 devbox systemd[1]: Condition check resulted in Service for virtual machines hosted on VMware being skipped.
Mar 25 23:33:08 devbox systemd[1]: Starting Initial cloud-init job (pre-networking)...
Mar 25 23:33:08 devbox systemd[1]: Finished Uncomplicated firewall.
Mar 25 23:33:08 devbox snapd-apparmor[618]: main.go:124: Loading profiles [/var/lib/snapd/apparmor/profiles/snap-confine.snapd.20671 /var/lib/snapd/apparmor/profiles/snap-confine.snapd.21184 /var/lib/snapd/apparmor/profiles/snap-update-ns.lxd /var/lib/snapd/apparmor/profiles/snap.lxd.activate /var/lib/snapd/apparmor/profiles/snap.lxd.benchmark /var/lib/snapd/apparmor/profiles/snap.lxd.buginfo /var/lib/snapd/apparmor/profiles/snap.lxd.check-kernel /var/lib/snapd/apparmor/profiles/snap.lxd.daemon /var/lib/snapd/apparmor/profiles/snap.lxd.hook.configure /var/lib/snapd/apparmor/profiles/snap.lxd.hook.install /var/lib/snapd/apparmor/profiles/snap.lxd.hook.remove /var/lib/snapd/apparmor/profiles/snap.lxd.lxc /var/lib/snapd/apparmor/profiles/snap.lxd.lxc-to-lxd /var/lib/snapd/apparmor/profiles/snap.lxd.lxd /var/lib/snapd/apparmor/profiles/snap.lxd.migrate /var/lib/snapd/apparmor/profiles/snap.lxd.user-daemon]
Mar 25 23:33:08 devbox systemd[1]: Finished Load AppArmor profiles managed internally by snapd.
Mar 25 23:33:08 devbox cloud-init[679]: Cloud-init v. 23.4.4-0ubuntu0~22.04.1 running 'init-local' at Mon, 25 Mar 2024 23:33:03 +0000. Up 7.71 seconds.
Mar 25 23:33:08 devbox systemd[1]: Finished Initial cloud-init job (pre-networking).
Mar 25 23:33:08 devbox systemd[1]: Reached target Preparation for Network.
Mar 25 23:33:08 devbox systemd[1]: Starting Network Configuration...
Mar 25 23:33:08 devbox systemd-networkd[680]: lo: Link UP
Mar 25 23:33:08 devbox systemd-networkd[680]: lo: Gained carrier
Mar 25 23:33:08 devbox systemd-networkd[680]: Enumeration completed
Mar 25 23:33:08 devbox systemd[1]: Started Network Configuration.
Mar 25 23:33:08 devbox systemd[1]: Starting Wait for Network to be Configured...
Mar 25 23:33:08 devbox systemd[1]: Starting Network Name Resolution...
Mar 25 23:33:08 devbox systemd-networkd[680]: enp0s3: Link UP
Mar 25 23:33:08 devbox systemd-networkd[680]: enp0s3: Gained carrier
Mar 25 23:33:08 devbox systemd-resolved[682]: Positive Trust Anchors:
Mar 25 23:33:08 devbox systemd-resolved[682]: . IN DS 20326 8 2 e06d44b80b8f1d39a95c0b0d7c65d08458e880409bbc683457104237c7f8ec8d
Mar 25 23:33:08 devbox systemd-resolved[682]: Negative trust anchors: home.arpa 10.in-addr.arpa 16.172.in-addr.arpa 17.172.in-addr.arpa 18.172.in-addr.arpa 19.172.in-addr.arpa 20.172.in-addr.arpa 21.172.in-addr.arpa 22.172.in-addr.arpa 23.172.in-addr.arpa 24.172.in-addr.arpa 25.172.in-addr.arpa 26.172.in-addr.arpa 27.172.in-addr.arpa 28.172.in-addr.arpa 29.172.in-addr.arpa 30.172.in-addr.arpa 31.172.in-addr.arpa 168.192.in-addr.arpa d.f.ip6.arpa corp home internal intranet lan local private test
Mar 25 23:33:08 devbox systemd-resolved[682]: Using system hostname 'devbox'.
Mar 25 23:33:08 devbox systemd[1]: Started Network Name Resolution.
Mar 25 23:33:08 devbox systemd[1]: Reached target Network.
Mar 25 23:33:08 devbox systemd[1]: Reached target Host and Network Name Lookups.
Mar 25 23:33:08 devbox systemd-networkd[680]: enp0s3: Gained IPv6LL
Mar 25 23:33:08 devbox systemd-timesyncd[586]: Network configuration changed, trying to establish connection.
Mar 25 23:33:08 devbox systemd-networkd[680]: enp0s3: DHCPv4 address 192.168.0.130/24 via 192.168.0.1
Mar 25 23:33:08 devbox systemd-timesyncd[586]: Network configuration changed, trying to establish connection.
Mar 25 23:33:08 devbox systemd-timesyncd[586]: message repeated 2 times: [ Network configuration changed, trying to establish connection.]
Mar 25 23:33:08 devbox systemd[1]: Finished Wait for Network to be Configured.
Mar 25 23:33:08 devbox systemd[1]: Starting Initial cloud-init job (metadata service crawler)...
Mar 25 23:33:08 devbox cloud-init[687]: Cloud-init v. 23.4.4-0ubuntu0~22.04.1 running 'init' at Mon, 25 Mar 2024 23:33:07 +0000. Up 11.51 seconds.
Mar 25 23:33:08 devbox cloud-init[687]: ci-info: ++++++++++++++++++++++++++++++++++++++Net device info+++++++++++++++++++++++++++++++++++++++
Mar 25 23:33:08 devbox cloud-init[687]: ci-info: +--------+------+-----------------------------+---------------+--------+-------------------+
Mar 25 23:33:08 devbox cloud-init[687]: ci-info: | Device |  Up  |           Address           |      Mask     | Scope  |     Hw-Address    |
Mar 25 23:33:08 devbox cloud-init[687]: ci-info: +--------+------+-----------------------------+---------------+--------+-------------------+
Mar 25 23:33:08 devbox cloud-init[687]: ci-info: | enp0s3 | True |        192.168.0.130        | 255.255.255.0 | global | 08:00:27:74:96:59 |
Mar 25 23:33:08 devbox cloud-init[687]: ci-info: | enp0s3 | True | fe80::a00:27ff:fe74:9659/64 |       .       |  link  | 08:00:27:74:96:59 |
Mar 25 23:33:08 devbox cloud-init[687]: ci-info: |   lo   | True |          127.0.0.1          |   255.0.0.0   |  host  |         .         |
Mar 25 23:33:08 devbox cloud-init[687]: ci-info: |   lo   | True |           ::1/128           |       .       |  host  |         .         |
Mar 25 23:33:08 devbox cloud-init[687]: ci-info: +--------+------+-----------------------------+---------------+--------+-------------------+
Mar 25 23:33:08 devbox cloud-init[687]: ci-info: ++++++++++++++++++++++++++++++Route IPv4 info++++++++++++++++++++++++++++++
Mar 25 23:33:08 devbox cloud-init[687]: ci-info: +-------+-------------+-------------+-----------------+-----------+-------+
Mar 25 23:33:08 devbox cloud-init[687]: ci-info: | Route | Destination |   Gateway   |     Genmask     | Interface | Flags |
Mar 25 23:33:08 devbox cloud-init[687]: ci-info: +-------+-------------+-------------+-----------------+-----------+-------+
Mar 25 23:33:08 devbox cloud-init[687]: ci-info: |   0   |   0.0.0.0   | 192.168.0.1 |     0.0.0.0     |   enp0s3  |   UG  |
Mar 25 23:33:08 devbox cloud-init[687]: ci-info: |   1   | 192.168.0.0 |   0.0.0.0   |  255.255.255.0  |   enp0s3  |   U   |
Mar 25 23:33:08 devbox cloud-init[687]: ci-info: |   2   | 192.168.0.1 |   0.0.0.0   | 255.255.255.255 |   enp0s3  |   UH  |
Mar 25 23:33:08 devbox cloud-init[687]: ci-info: +-------+-------------+-------------+-----------------+-----------+-------+
Mar 25 23:33:08 devbox cloud-init[687]: ci-info: +++++++++++++++++++Route IPv6 info+++++++++++++++++++
Mar 25 23:33:08 devbox cloud-init[687]: ci-info: +-------+-------------+---------+-----------+-------+
Mar 25 23:33:08 devbox cloud-init[687]: ci-info: | Route | Destination | Gateway | Interface | Flags |
Mar 25 23:33:08 devbox cloud-init[687]: ci-info: +-------+-------------+---------+-----------+-------+
Mar 25 23:33:08 devbox cloud-init[687]: ci-info: |   1   |  fe80::/64  |    ::   |   enp0s3  |   U   |
Mar 25 23:33:08 devbox cloud-init[687]: ci-info: |   3   |    local    |    ::   |   enp0s3  |   U   |
Mar 25 23:33:08 devbox cloud-init[687]: ci-info: |   4   |  multicast  |    ::   |   enp0s3  |   U   |
Mar 25 23:33:08 devbox cloud-init[687]: ci-info: +-------+-------------+---------+-----------+-------+
Mar 25 23:33:08 devbox systemd[1]: Finished Initial cloud-init job (metadata service crawler).
Mar 25 23:33:08 devbox systemd[1]: Reached target Cloud-config availability.
Mar 25 23:33:08 devbox systemd[1]: Reached target Network is Online.
Mar 25 23:33:08 devbox systemd[1]: Reached target System Initialization.
Mar 25 23:33:08 devbox systemd[1]: Condition check resulted in Process error reports when automatic reporting is enabled (file watch) being skipped.
Mar 25 23:33:08 devbox systemd[1]: Condition check resulted in Process error reports when automatic reporting is enabled (timer based) being skipped.
Mar 25 23:33:08 devbox systemd[1]: Started Daily apt download activities.
Mar 25 23:33:08 devbox systemd[1]: Started Daily apt upgrade and clean activities.
Mar 25 23:33:08 devbox systemd[1]: Started Daily dpkg database backup timer.
Mar 25 23:33:08 devbox systemd[1]: Started Periodic ext4 Online Metadata Check for All Filesystems.
Mar 25 23:33:08 devbox systemd[1]: Started Discard unused blocks once a week.
Mar 25 23:33:08 devbox systemd[1]: Started Refresh fwupd metadata regularly.
Mar 25 23:33:08 devbox systemd[1]: Started Daily rotation of log files.
Mar 25 23:33:08 devbox systemd[1]: Started Daily man-db regeneration.
Mar 25 23:33:08 devbox systemd[1]: Started Message of the Day.
Mar 25 23:33:08 devbox systemd[1]: Condition check resulted in Timer to automatically fetch and run repair assertions being skipped.
Mar 25 23:33:08 devbox systemd[1]: Started Daily Cleanup of Temporary Directories.
Mar 25 23:33:08 devbox systemd[1]: Condition check resulted in Ubuntu Pro Timer for running repeated jobs being skipped.
Mar 25 23:33:08 devbox systemd[1]: Started Download data for packages that failed at package install time.
Mar 25 23:33:08 devbox systemd[1]: Started Check to see whether there is a new version of Ubuntu available.
Mar 25 23:33:08 devbox systemd[1]: Reached target Path Units.
Mar 25 23:33:08 devbox systemd[1]: Reached target Timer Units.
Mar 25 23:33:08 devbox systemd[1]: Condition check resulted in Unix socket for apport crash forwarding being skipped.
Mar 25 23:33:08 devbox systemd[1]: Listening on cloud-init hotplug hook socket.
Mar 25 23:33:08 devbox systemd[1]: Listening on D-Bus System Message Bus Socket.
Mar 25 23:33:08 devbox systemd[1]: Listening on Open-iSCSI iscsid Socket.
Mar 25 23:33:08 devbox systemd[1]: Listening on Socket unix for snap application lxd.daemon.
Mar 25 23:33:08 devbox systemd[1]: Listening on Socket unix for snap application lxd.user-daemon.
Mar 25 23:33:08 devbox systemd[1]: Starting Socket activation for snappy daemon...
Mar 25 23:33:08 devbox systemd[1]: Listening on UUID daemon activation socket.
Mar 25 23:33:08 devbox systemd[1]: Condition check resulted in Login to default iSCSI targets being skipped.
Mar 25 23:33:08 devbox systemd[1]: Reached target Preparation for Remote File Systems.
Mar 25 23:33:08 devbox systemd[1]: Reached target Remote File Systems.
Mar 25 23:33:08 devbox systemd[1]: Finished Availability of block devices.
Mar 25 23:33:08 devbox systemd[1]: Listening on Socket activation for snappy daemon.
Mar 25 23:33:08 devbox systemd[1]: Reached target Socket Units.
Mar 25 23:33:08 devbox systemd[1]: Reached target Basic System.
Mar 25 23:33:08 devbox systemd[1]: Starting LSB: automatic crash report generation...
Mar 25 23:33:08 devbox systemd[1]: Started Regular background program processing daemon.
Mar 25 23:33:08 devbox cron[693]: (CRON) INFO (pidfile fd = 3)
Mar 25 23:33:08 devbox systemd[1]: Started D-Bus System Message Bus.
Mar 25 23:33:08 devbox systemd[1]: Started Save initial kernel messages after boot.
Mar 25 23:33:08 devbox cron[693]: (CRON) INFO (Running @reboot jobs)
Mar 25 23:33:08 devbox systemd[1]: Starting Remove Stale Online ext4 Metadata Check Snapshots...
Mar 25 23:33:08 devbox systemd[1]: Condition check resulted in getty on tty2-tty6 if dbus and logind are not available being skipped.
Mar 25 23:33:08 devbox systemd[1]: Starting Record successful boot for GRUB...
Mar 25 23:33:08 devbox systemd[1]: Started irqbalance daemon.
Mar 25 23:33:08 devbox systemd[1]: Starting Dispatcher daemon for systemd-networkd...
Mar 25 23:33:08 devbox systemd[1]: Starting Authorization Manager...
Mar 25 23:33:08 devbox systemd[1]: Condition check resulted in Pollinate to seed the pseudo random number generator being skipped.
Mar 25 23:33:08 devbox systemd[1]: Starting System Logging Service...
Mar 25 23:33:08 devbox systemd[1]: Condition check resulted in Secure Boot updates for DB and DBX being skipped.
Mar 25 23:33:08 devbox systemd[1]: Starting Service for snap application lxd.activate...
Mar 25 23:33:08 devbox systemd[1]: Condition check resulted in Userspace listener for prompt events being skipped.
Mar 25 23:33:08 devbox systemd[1]: Condition check resulted in Automatically repair incorrect owner/permissions on core devices being skipped.
Mar 25 23:33:08 devbox systemd[1]: Condition check resulted in Wait for the Ubuntu Core chooser trigger being skipped.
Mar 25 23:33:08 devbox systemd[1]: Reached target Preparation for Logins.
Mar 25 23:33:08 devbox systemd[1]: Starting Snap Daemon...
Mar 25 23:33:08 devbox kernel: [    0.000000] Linux version 5.15.0-100-generic (buildd@lcy02-amd64-116) (gcc (Ubuntu 11.4.0-1ubuntu1~22.04) 11.4.0, GNU ld (GNU Binutils for Ubuntu) 2.38) #110-Ubuntu SMP Wed Feb 7 13:27:48 UTC 2024 (Ubuntu 5.15.0-100.110-generic 5.15.143)
Mar 25 23:33:08 devbox kernel: [    0.000000] Command line: BOOT_IMAGE=/vmlinuz-5.15.0-100-generic root=/dev/mapper/ubuntu--vg-ubuntu--lv ro
Mar 25 23:33:08 devbox kernel: [    0.000000] KERNEL supported cpus:
Mar 25 23:33:08 devbox kernel: [    0.000000]   Intel GenuineIntel
Mar 25 23:33:08 devbox kernel: [    0.000000]   AMD AuthenticAMD
Mar 25 23:33:08 devbox kernel: [    0.000000]   Hygon HygonGenuine
Mar 25 23:33:08 devbox kernel: [    0.000000]   Centaur CentaurHauls
Mar 25 23:33:08 devbox kernel: [    0.000000]   zhaoxin   Shanghai  
Mar 25 23:33:08 devbox kernel: [    0.000000] BIOS-provided physical RAM map:
Mar 25 23:33:08 devbox kernel: [    0.000000] BIOS-e820: [mem 0x0000000000000000-0x000000000009fbff] usable
Mar 25 23:33:08 devbox kernel: [    0.000000] BIOS-e820: [mem 0x000000000009fc00-0x000000000009ffff] reserved
Mar 25 23:33:08 devbox kernel: [    0.000000] BIOS-e820: [mem 0x00000000000f0000-0x00000000000fffff] reserved
Mar 25 23:33:08 devbox kernel: [    0.000000] BIOS-e820: [mem 0x0000000000100000-0x000000003ffeffff] usable
Mar 25 23:33:08 devbox kernel: [    0.000000] BIOS-e820: [mem 0x000000003fff0000-0x000000003fffffff] ACPI data
Mar 25 23:33:08 devbox kernel: [    0.000000] BIOS-e820: [mem 0x00000000fec00000-0x00000000fec00fff] reserved
Mar 25 23:33:08 devbox kernel: [    0.000000] BIOS-e820: [mem 0x00000000fee00000-0x00000000fee00fff] reserved
Mar 25 23:33:08 devbox kernel: [    0.000000] BIOS-e820: [mem 0x00000000fffc0000-0x00000000ffffffff] reserved
Mar 25 23:33:08 devbox kernel: [    0.000000] NX (Execute Disable) protection: active
Mar 25 23:33:08 devbox kernel: [    0.000000] SMBIOS 2.5 present.
Mar 25 23:33:08 devbox kernel: [    0.000000] DMI: innotek GmbH VirtualBox/VirtualBox, BIOS VirtualBox 12/01/2006
Mar 25 23:33:08 devbox kernel: [    0.000000] Hypervisor detected: KVM
Mar 25 23:33:08 devbox kernel: [    0.000000] kvm-clock: Using msrs 4b564d01 and 4b564d00
Mar 25 23:33:08 devbox kernel: [    0.000000] kvm-clock: cpu 0, msr fa01001, primary cpu clock
Mar 25 23:33:08 devbox kernel: [    0.000002] kvm-clock: using sched offset of 6264991160 cycles
Mar 25 23:33:08 devbox kernel: [    0.000005] clocksource: kvm-clock: mask: 0xffffffffffffffff max_cycles: 0x1cd42e4dffb, max_idle_ns: 881590591483 ns
Mar 25 23:33:08 devbox kernel: [    0.000008] tsc: Detected 3392.294 MHz processor
Mar 25 23:33:08 devbox kernel: [    0.000712] e820: update [mem 0x00000000-0x00000fff] usable ==> reserved
Mar 25 23:33:08 devbox kernel: [    0.000716] e820: remove [mem 0x000a0000-0x000fffff] usable
Mar 25 23:33:08 devbox kernel: [    0.000720] last_pfn = 0x3fff0 max_arch_pfn = 0x400000000
Mar 25 23:33:08 devbox kernel: [    0.000733] Disabled
Mar 25 23:33:08 devbox kernel: [    0.000735] x86/PAT: MTRRs disabled, skipping PAT initialization too.
Mar 25 23:33:08 devbox kernel: [    0.000737] CPU MTRRs all blank - virtualized system.
Mar 25 23:33:08 devbox kernel: [    0.000741] x86/PAT: Configuration [0-7]: WB  WT  UC- UC  WB  WT  UC- UC  
Mar 25 23:33:08 devbox kernel: [    0.000819] found SMP MP-table at [mem 0x0009fff0-0x0009ffff]
Mar 25 23:33:08 devbox kernel: [    0.001003] RAMDISK: [mem 0x2aed3000-0x31760fff]
Mar 25 23:33:08 devbox kernel: [    0.001011] ACPI: Early table checksum verification disabled
Mar 25 23:33:08 devbox kernel: [    0.001015] ACPI: RSDP 0x00000000000E0000 000024 (v02 VBOX  )
Mar 25 23:33:08 devbox kernel: [    0.001020] ACPI: XSDT 0x000000003FFF0030 00003C (v01 VBOX   VBOXXSDT 00000001 ASL  00000061)
Mar 25 23:33:08 devbox kernel: [    0.001027] ACPI: FACP 0x000000003FFF00F0 0000F4 (v04 VBOX   VBOXFACP 00000001 ASL  00000061)
Mar 25 23:33:08 devbox kernel: [    0.001035] ACPI: DSDT 0x000000003FFF0470 002325 (v02 VBOX   VBOXBIOS 00000002 INTL 20200925)
Mar 25 23:33:08 devbox kernel: [    0.001040] ACPI: FACS 0x000000003FFF0200 000040
Mar 25 23:33:08 devbox kernel: [    0.001044] ACPI: FACS 0x000000003FFF0200 000040
Mar 25 23:33:08 devbox kernel: [    0.001048] ACPI: APIC 0x000000003FFF0240 000054 (v02 VBOX   VBOXAPIC 00000001 ASL  00000061)
Mar 25 23:33:08 devbox kernel: [    0.001053] ACPI: SSDT 0x000000003FFF02A0 0001CC (v01 VBOX   VBOXCPUT 00000002 INTL 20200925)
Mar 25 23:33:08 devbox kernel: [    0.001056] ACPI: Reserving FACP table memory at [mem 0x3fff00f0-0x3fff01e3]
Mar 25 23:33:08 devbox kernel: [    0.001058] ACPI: Reserving DSDT table memory at [mem 0x3fff0470-0x3fff2794]
Mar 25 23:33:08 devbox kernel: [    0.001059] ACPI: Reserving FACS table memory at [mem 0x3fff0200-0x3fff023f]
Mar 25 23:33:08 devbox kernel: [    0.001060] ACPI: Reserving FACS table memory at [mem 0x3fff0200-0x3fff023f]
Mar 25 23:33:08 devbox kernel: [    0.001061] ACPI: Reserving APIC table memory at [mem 0x3fff0240-0x3fff0293]
Mar 25 23:33:08 devbox kernel: [    0.001062] ACPI: Reserving SSDT table memory at [mem 0x3fff02a0-0x3fff046b]
Mar 25 23:33:08 devbox kernel: [    0.001279] No NUMA configuration found
Mar 25 23:33:08 devbox kernel: [    0.001281] Faking a node at [mem 0x0000000000000000-0x000000003ffeffff]
Mar 25 23:33:08 devbox kernel: [    0.001290] NODE_DATA(0) allocated [mem 0x3ffc6000-0x3ffeffff]
Mar 25 23:33:08 devbox kernel: [    0.001623] Zone ranges:
Mar 25 23:33:08 devbox kernel: [    0.001624]   DMA      [mem 0x0000000000001000-0x0000000000ffffff]
Mar 25 23:33:08 devbox kernel: [    0.001626]   DMA32    [mem 0x0000000001000000-0x000000003ffeffff]
Mar 25 23:33:08 devbox kernel: [    0.001627]   Normal   empty
Mar 25 23:33:08 devbox kernel: [    0.001629]   Device   empty
Mar 25 23:33:08 devbox kernel: [    0.001630] Movable zone start for each node
Mar 25 23:33:08 devbox kernel: [    0.001633] Early memory node ranges
Mar 25 23:33:08 devbox kernel: [    0.001633]   node   0: [mem 0x0000000000001000-0x000000000009efff]
Mar 25 23:33:08 devbox kernel: [    0.001635]   node   0: [mem 0x0000000000100000-0x000000003ffeffff]
Mar 25 23:33:08 devbox kernel: [    0.001637] Initmem setup node 0 [mem 0x0000000000001000-0x000000003ffeffff]
Mar 25 23:33:08 devbox kernel: [    0.001642] On node 0, zone DMA: 1 pages in unavailable ranges
Mar 25 23:33:08 devbox kernel: [    0.001673] On node 0, zone DMA: 97 pages in unavailable ranges
Mar 25 23:33:08 devbox kernel: [    0.003645] On node 0, zone DMA32: 16 pages in unavailable ranges
Mar 25 23:33:08 devbox kernel: [    0.004038] ACPI: PM-Timer IO Port: 0x4008
Mar 25 23:33:08 devbox kernel: [    0.004108] IOAPIC[0]: apic_id 1, version 32, address 0xfec00000, GSI 0-23
Mar 25 23:33:08 devbox kernel: [    0.004113] ACPI: INT_SRC_OVR (bus 0 bus_irq 0 global_irq 2 dfl dfl)
Mar 25 23:33:08 devbox kernel: [    0.004115] ACPI: INT_SRC_OVR (bus 0 bus_irq 9 global_irq 9 low level)
Mar 25 23:33:08 devbox kernel: [    0.004120] ACPI: Using ACPI (MADT) for SMP configuration information
Mar 25 23:33:08 devbox kernel: [    0.004127] smpboot: Allowing 1 CPUs, 0 hotplug CPUs
Mar 25 23:33:08 devbox kernel: [    0.004150] PM: hibernation: Registered nosave memory: [mem 0x00000000-0x00000fff]
Mar 25 23:33:08 devbox kernel: [    0.004153] PM: hibernation: Registered nosave memory: [mem 0x0009f000-0x0009ffff]
Mar 25 23:33:08 devbox kernel: [    0.004154] PM: hibernation: Registered nosave memory: [mem 0x000a0000-0x000effff]
Mar 25 23:33:08 devbox kernel: [    0.004155] PM: hibernation: Registered nosave memory: [mem 0x000f0000-0x000fffff]
Mar 25 23:33:08 devbox kernel: [    0.004157] [mem 0x40000000-0xfebfffff] available for PCI devices
Mar 25 23:33:08 devbox kernel: [    0.004159] Booting paravirtualized kernel on KVM
Mar 25 23:33:08 devbox kernel: [    0.004162] clocksource: refined-jiffies: mask: 0xffffffff max_cycles: 0xffffffff, max_idle_ns: 7645519600211568 ns
Mar 25 23:33:08 devbox kernel: [    0.004169] setup_percpu: NR_CPUS:8192 nr_cpumask_bits:1 nr_cpu_ids:1 nr_node_ids:1
Mar 25 23:33:08 devbox kernel: [    0.004330] percpu: Embedded 61 pages/cpu s212992 r8192 d28672 u2097152
Mar 25 23:33:08 devbox kernel: [    0.004336] pcpu-alloc: s212992 r8192 d28672 u2097152 alloc=1*2097152
Mar 25 23:33:08 devbox kernel: [    0.004338] pcpu-alloc: [0] 0 
Mar 25 23:33:08 devbox kernel: [    0.004359] kvm-guest: PV spinlocks disabled, single CPU
Mar 25 23:33:08 devbox kernel: [    0.004367] Built 1 zonelists, mobility grouping on.  Total pages: 257776
Mar 25 23:33:08 devbox kernel: [    0.004369] Policy zone: DMA32
Mar 25 23:33:08 devbox kernel: [    0.004370] Kernel command line: BOOT_IMAGE=/vmlinuz-5.15.0-100-generic root=/dev/mapper/ubuntu--vg-ubuntu--lv ro
Mar 25 23:33:08 devbox kernel: [    0.004407] Unknown kernel command line parameters "BOOT_IMAGE=/vmlinuz-5.15.0-100-generic", will be passed to user space.
Mar 25 23:33:08 devbox kernel: [    0.004464] Dentry cache hash table entries: 131072 (order: 8, 1048576 bytes, linear)
Mar 25 23:33:08 devbox kernel: [    0.004493] Inode-cache hash table entries: 65536 (order: 7, 524288 bytes, linear)
Mar 25 23:33:08 devbox kernel: [    0.004530] mem auto-init: stack:off, heap alloc:on, heap free:off
Mar 25 23:33:08 devbox kernel: [    0.007033] Memory: 864368K/1048120K available (16393K kernel code, 4395K rwdata, 10880K rodata, 3352K init, 18716K bss, 183492K reserved, 0K cma-reserved)
Mar 25 23:33:08 devbox kernel: [    0.007281] SLUB: HWalign=64, Order=0-3, MinObjects=0, CPUs=1, Nodes=1
Mar 25 23:33:08 devbox kernel: [    0.007297] Kernel/User page tables isolation: enabled
Mar 25 23:33:08 devbox kernel: [    0.007350] ftrace: allocating 50680 entries in 198 pages
Mar 25 23:33:08 devbox kernel: [    0.026628] ftrace: allocated 198 pages with 4 groups
Mar 25 23:33:08 devbox kernel: [    0.026747] rcu: Hierarchical RCU implementation.
Mar 25 23:33:08 devbox kernel: [    0.026749] rcu: 	RCU restricting CPUs from NR_CPUS=8192 to nr_cpu_ids=1.
Mar 25 23:33:08 devbox kernel: [    0.026751] 	Rude variant of Tasks RCU enabled.
Mar 25 23:33:08 devbox kernel: [    0.026752] 	Tracing variant of Tasks RCU enabled.
Mar 25 23:33:08 devbox kernel: [    0.026752] rcu: RCU calculated value of scheduler-enlistment delay is 25 jiffies.
Mar 25 23:33:08 devbox kernel: [    0.026753] rcu: Adjusting geometry for rcu_fanout_leaf=16, nr_cpu_ids=1
Mar 25 23:33:08 devbox kernel: [    0.030527] NR_IRQS: 524544, nr_irqs: 256, preallocated irqs: 16
Mar 25 23:33:08 devbox kernel: [    0.038118] Console: colour VGA+ 80x25
Mar 25 23:33:08 devbox kernel: [    0.060192] printk: console [tty0] enabled
Mar 25 23:33:08 devbox kernel: [    0.060394] ACPI: Core revision 20210730
Mar 25 23:33:08 devbox kernel: [    0.060660] APIC: Switch to symmetric I/O mode setup
Mar 25 23:33:08 devbox kernel: [    0.061058] x2apic enabled
Mar 25 23:33:08 devbox kernel: [    0.061383] Switched APIC routing to physical x2apic.
Mar 25 23:33:08 devbox kernel: [    0.062496] ..TIMER: vector=0x30 apic1=0 pin1=2 apic2=-1 pin2=-1
Mar 25 23:33:08 devbox kernel: [    0.062734] clocksource: tsc-early: mask: 0xffffffffffffffff max_cycles: 0x30e5debfb38, max_idle_ns: 440795265279 ns
Mar 25 23:33:08 devbox kernel: [    0.063099] Calibrating delay loop (skipped) preset value.. 6784.58 BogoMIPS (lpj=13569176)
Mar 25 23:33:08 devbox kernel: [    0.063508] process: using mwait in idle threads
Mar 25 23:33:08 devbox kernel: [    0.063697] Last level iTLB entries: 4KB 512, 2MB 8, 4MB 8
Mar 25 23:33:08 devbox kernel: [    0.063904] Last level dTLB entries: 4KB 512, 2MB 32, 4MB 32, 1GB 0
Mar 25 23:33:08 devbox kernel: [    0.064128] Spectre V1 : Mitigation: usercopy/swapgs barriers and __user pointer sanitization
Mar 25 23:33:08 devbox kernel: [    0.064451] Spectre V2 : Mitigation: Retpolines
Mar 25 23:33:08 devbox kernel: [    0.064635] Spectre V2 : Spectre v2 / SpectreRSB mitigation: Filling RSB on context switch
Mar 25 23:33:08 devbox kernel: [    0.064939] Spectre V2 : Spectre v2 / SpectreRSB : Filling RSB on VMEXIT
Mar 25 23:33:08 devbox kernel: [    0.065171] Speculative Store Bypass: Vulnerable
Mar 25 23:33:08 devbox kernel: [    0.065358] MDS: Mitigation: Clear CPU buffers
Mar 25 23:33:08 devbox kernel: [    0.065540] MMIO Stale Data: Unknown: No mitigations
Mar 25 23:33:08 devbox kernel: [    0.065755] x86/fpu: Supporting XSAVE feature 0x001: 'x87 floating point registers'
Mar 25 23:33:08 devbox kernel: [    0.066045] x86/fpu: Supporting XSAVE feature 0x002: 'SSE registers'
Mar 25 23:33:08 devbox kernel: [    0.066269] x86/fpu: Supporting XSAVE feature 0x004: 'AVX registers'
Mar 25 23:33:08 devbox kernel: [    0.066495] x86/fpu: xstate_offset[2]:  576, xstate_sizes[2]:  256
Mar 25 23:33:08 devbox kernel: [    0.066717] x86/fpu: Enabled xstate features 0x7, context size is 832 bytes, using 'standard' format.
Mar 25 23:33:08 devbox kernel: [    0.095602] Freeing SMP alternatives memory: 44K
Mar 25 23:33:08 devbox kernel: [    0.095812] pid_max: default: 32768 minimum: 301
Mar 25 23:33:08 devbox kernel: [    0.096055] LSM: Security Framework initializing
Mar 25 23:33:08 devbox kernel: [    0.096253] landlock: Up and running.
Mar 25 23:33:08 devbox kernel: [    0.096418] Yama: becoming mindful.
Mar 25 23:33:08 devbox kernel: [    0.096611] AppArmor: AppArmor initialized
Mar 25 23:33:08 devbox kernel: [    0.096833] Mount-cache hash table entries: 2048 (order: 2, 16384 bytes, linear)
Mar 25 23:33:08 devbox kernel: [    0.097122] Mountpoint-cache hash table entries: 2048 (order: 2, 16384 bytes, linear)
Mar 25 23:33:08 devbox kernel: [    0.205466] smpboot: CPU0: Intel(R) Core(TM) i7-2600 CPU @ 3.40GHz (family: 0x6, model: 0x2a, stepping: 0x7)
Mar 25 23:33:08 devbox kernel: [    0.206068] Performance Events: unsupported p6 CPU model 42 no PMU driver, software events only.
Mar 25 23:33:08 devbox kernel: [    0.206402] signal: max sigframe size: 1776
Mar 25 23:33:08 devbox kernel: [    0.206606] rcu: Hierarchical SRCU implementation.
Mar 25 23:33:08 devbox kernel: [    0.207096] NMI watchdog: Perf NMI watchdog permanently disabled
Mar 25 23:33:08 devbox kernel: [    0.207096] smp: Bringing up secondary CPUs ...
Mar 25 23:33:08 devbox kernel: [    0.207096] smp: Brought up 1 node, 1 CPU
Mar 25 23:33:08 devbox kernel: [    0.207096] smpboot: Max logical packages: 1
Mar 25 23:33:08 devbox kernel: [    0.207096] smpboot: Total of 1 processors activated (6784.58 BogoMIPS)
Mar 25 23:33:08 devbox kernel: [    0.207096] devtmpfs: initialized
Mar 25 23:33:08 devbox kernel: [    0.207096] x86/mm: Memory block size: 128MB
Mar 25 23:33:08 devbox kernel: [    0.207096] clocksource: jiffies: mask: 0xffffffff max_cycles: 0xffffffff, max_idle_ns: 7645041785100000 ns
Mar 25 23:33:08 devbox kernel: [    0.207096] futex hash table entries: 256 (order: 2, 16384 bytes, linear)
Mar 25 23:33:08 devbox kernel: [    0.207096] pinctrl core: initialized pinctrl subsystem
Mar 25 23:33:08 devbox kernel: [    0.207098] PM: RTC time: 23:32:56, date: 2024-03-25
Mar 25 23:33:08 devbox kernel: [    0.207475] NET: Registered PF_NETLINK/PF_ROUTE protocol family
Mar 25 23:33:08 devbox kernel: [    0.207769] DMA: preallocated 128 KiB GFP_KERNEL pool for atomic allocations
Mar 25 23:33:08 devbox kernel: [    0.208026] DMA: preallocated 128 KiB GFP_KERNEL|GFP_DMA pool for atomic allocations
Mar 25 23:33:08 devbox kernel: [    0.208328] DMA: preallocated 128 KiB GFP_KERNEL|GFP_DMA32 pool for atomic allocations
Mar 25 23:33:08 devbox kernel: [    0.208631] audit: initializing netlink subsys (disabled)
Mar 25 23:33:08 devbox kernel: [    0.208986] thermal_sys: Registered thermal governor 'fair_share'
Mar 25 23:33:08 devbox kernel: [    0.208987] thermal_sys: Registered thermal governor 'bang_bang'
Mar 25 23:33:08 devbox kernel: [    0.209208] thermal_sys: Registered thermal governor 'step_wise'
Mar 25 23:33:08 devbox kernel: [    0.209425] thermal_sys: Registered thermal governor 'user_space'
Mar 25 23:33:08 devbox kernel: [    0.209641] thermal_sys: Registered thermal governor 'power_allocator'
Mar 25 23:33:08 devbox kernel: [    0.209864] EISA bus registered
Mar 25 23:33:08 devbox kernel: [    0.210242] cpuidle: using governor ladder
Mar 25 23:33:08 devbox kernel: [    0.210415] cpuidle: using governor menu
Mar 25 23:33:08 devbox kernel: [    0.210611] ACPI: bus type PCI registered
Mar 25 23:33:08 devbox kernel: [    0.210783] acpiphp: ACPI Hot Plug PCI Controller Driver version: 0.5
Mar 25 23:33:08 devbox kernel: [    0.211121] PCI: Using configuration type 1 for base access
Mar 25 23:33:08 devbox kernel: [    0.212508] kprobes: kprobe jump-optimization is enabled. All kprobes are optimized if possible.
Mar 25 23:33:08 devbox kernel: [    0.212850] audit: type=2000 audit(1711409584.511:1): state=initialized audit_enabled=0 res=1
Mar 25 23:33:08 devbox kernel: [    0.213251] HugeTLB registered 2.00 MiB page size, pre-allocated 0 pages
Mar 25 23:33:08 devbox kernel: [    0.214581] ACPI: Added _OSI(Module Device)
Mar 25 23:33:08 devbox kernel: [    0.214759] ACPI: Added _OSI(Processor Device)
Mar 25 23:33:08 devbox kernel: [    0.215096] ACPI: Added _OSI(3.0 _SCP Extensions)
Mar 25 23:33:08 devbox kernel: [    0.215096] ACPI: Added _OSI(Processor Aggregator Device)
Mar 25 23:33:08 devbox kernel: [    0.215096] ACPI: Added _OSI(Linux-Dell-Video)
Mar 25 23:33:08 devbox kernel: [    0.215096] ACPI: Added _OSI(Linux-Lenovo-NV-HDMI-Audio)
Mar 25 23:33:08 devbox kernel: [    0.215096] ACPI: Added _OSI(Linux-HPI-Hybrid-Graphics)
Mar 25 23:33:08 devbox kernel: [    0.216103] ACPI: 2 ACPI AML tables successfully acquired and loaded
Mar 25 23:33:08 devbox kernel: [    0.221077] ACPI: Interpreter enabled
Mar 25 23:33:08 devbox kernel: [    0.222152] ACPI: PM: (supports S0 S5)
Mar 25 23:33:08 devbox kernel: [    0.223107] ACPI: Using IOAPIC for interrupt routing
Mar 25 23:33:08 devbox kernel: [    0.223534] PCI: Using host bridge windows from ACPI; if necessary, use "pci=nocrs" and report a bug
Mar 25 23:33:08 devbox kernel: [    0.223883] PCI: Using E820 reservations for host bridge windows
Mar 25 23:33:08 devbox kernel: [    0.224195] ACPI: Enabled 2 GPEs in block 00 to 07
Mar 25 23:33:08 devbox kernel: [    0.230611] ACPI: PCI Root Bridge [PCI0] (domain 0000 [bus 00-ff])
Mar 25 23:33:08 devbox kernel: [    0.230865] acpi PNP0A03:00: _OSC: OS supports [ASPM ClockPM Segments MSI EDR HPX-Type3]
Mar 25 23:33:08 devbox kernel: [    0.231103] acpi PNP0A03:00: _OSC: not requesting OS control; OS requires [ExtendedConfig ASPM ClockPM MSI]
Mar 25 23:33:08 devbox kernel: [    0.231476] acpi PNP0A03:00: fail to add MMCONFIG information, can't access extended PCI configuration space under this bridge.
Mar 25 23:33:08 devbox kernel: [    0.232243] PCI host bridge to bus 0000:00
Mar 25 23:33:08 devbox kernel: [    0.232432] pci_bus 0000:00: root bus resource [bus 00-ff]
Mar 25 23:33:08 devbox kernel: [    0.232658] pci_bus 0000:00: root bus resource [io  0x0000-0x0cf7 window]
Mar 25 23:33:08 devbox kernel: [    0.232899] pci_bus 0000:00: root bus resource [io  0x0d00-0xffff window]
Mar 25 23:33:08 devbox kernel: [    0.233138] pci_bus 0000:00: root bus resource [mem 0x000a0000-0x000bffff window]
Mar 25 23:33:08 devbox kernel: [    0.233433] pci_bus 0000:00: root bus resource [mem 0x40000000-0xfdffffff window]
Mar 25 23:33:08 devbox kernel: [    0.234089] pci 0000:00:00.0: [8086:1237] type 00 class 0x060000
Mar 25 23:33:08 devbox kernel: [    0.235152] pci 0000:00:01.0: [8086:7000] type 00 class 0x060100
Mar 25 23:33:08 devbox kernel: [    0.236048] pci 0000:00:01.1: [8086:7111] type 00 class 0x01018a
Mar 25 23:33:08 devbox kernel: [    0.236558] pci 0000:00:01.1: reg 0x20: [io  0xd000-0xd00f]
Mar 25 23:33:08 devbox kernel: [    0.236888] pci 0000:00:01.1: legacy IDE quirk: reg 0x10: [io  0x01f0-0x01f7]
Mar 25 23:33:08 devbox kernel: [    0.237133] pci 0000:00:01.1: legacy IDE quirk: reg 0x14: [io  0x03f6]
Mar 25 23:33:08 devbox kernel: [    0.237360] pci 0000:00:01.1: legacy IDE quirk: reg 0x18: [io  0x0170-0x0177]
Mar 25 23:33:08 devbox kernel: [    0.237601] pci 0000:00:01.1: legacy IDE quirk: reg 0x1c: [io  0x0376]
Mar 25 23:33:08 devbox kernel: [    0.238471] pci 0000:00:02.0: [15ad:0405] type 00 class 0x030000
Mar 25 23:33:08 devbox kernel: [    0.239418] pci 0000:00:02.0: reg 0x10: [io  0xd010-0xd01f]
Mar 25 23:33:08 devbox kernel: [    0.240536] pci 0000:00:02.0: reg 0x14: [mem 0xe0000000-0xe0ffffff pref]
Mar 25 23:33:08 devbox kernel: [    0.241774] pci 0000:00:02.0: reg 0x18: [mem 0xf0000000-0xf01fffff]
Mar 25 23:33:08 devbox kernel: [    0.245376] pci 0000:00:02.0: Video device with shadowed ROM at [mem 0x000c0000-0x000dffff]
Mar 25 23:33:08 devbox kernel: [    0.246430] pci 0000:00:03.0: [8086:100e] type 00 class 0x020000
Mar 25 23:33:08 devbox kernel: [    0.247050] pci 0000:00:03.0: reg 0x10: [mem 0xf0200000-0xf021ffff]
Mar 25 23:33:08 devbox kernel: [    0.247651] pci 0000:00:03.0: reg 0x18: [io  0xd020-0xd027]
Mar 25 23:33:08 devbox kernel: [    0.249847] pci 0000:00:04.0: [80ee:cafe] type 00 class 0x088000
Mar 25 23:33:08 devbox kernel: [    0.250424] pci 0000:00:04.0: reg 0x10: [io  0xd040-0xd05f]
Mar 25 23:33:08 devbox kernel: [    0.250961] pci 0000:00:04.0: reg 0x14: [mem 0xf0400000-0xf07fffff]
Mar 25 23:33:08 devbox kernel: [    0.251387] pci 0000:00:04.0: reg 0x18: [mem 0xf0800000-0xf0803fff pref]
Mar 25 23:33:08 devbox kernel: [    0.253430] pci 0000:00:05.0: [8086:2415] type 00 class 0x040100
Mar 25 23:33:08 devbox kernel: [    0.253761] pci 0000:00:05.0: reg 0x10: [io  0xd100-0xd1ff]
Mar 25 23:33:08 devbox kernel: [    0.254021] pci 0000:00:05.0: reg 0x14: [io  0xd200-0xd23f]
Mar 25 23:33:08 devbox kernel: [    0.255178] pci 0000:00:06.0: [106b:003f] type 00 class 0x0c0310
Mar 25 23:33:08 devbox kernel: [    0.255740] pci 0000:00:06.0: reg 0x10: [mem 0xf0804000-0xf0804fff]
Mar 25 23:33:08 devbox kernel: [    0.258328] pci 0000:00:07.0: [8086:7113] type 00 class 0x068000
Mar 25 23:33:08 devbox kernel: [    0.258972] pci 0000:00:07.0: quirk: [io  0x4000-0x403f] claimed by PIIX4 ACPI
Mar 25 23:33:08 devbox kernel: [    0.259101] pci 0000:00:07.0: quirk: [io  0x4100-0x410f] claimed by PIIX4 SMB
Mar 25 23:33:08 devbox kernel: [    0.261250] pci 0000:00:0b.0: [8086:265c] type 00 class 0x0c0320
Mar 25 23:33:08 devbox kernel: [    0.263200] pci 0000:00:0b.0: reg 0x10: [mem 0xf0805000-0xf0805fff]
Mar 25 23:33:08 devbox kernel: [    0.266473] pci 0000:00:0d.0: [8086:2829] type 00 class 0x010601
Mar 25 23:33:08 devbox kernel: [    0.267188] pci 0000:00:0d.0: reg 0x10: [io  0xd240-0xd247]
Mar 25 23:33:08 devbox kernel: [    0.267794] pci 0000:00:0d.0: reg 0x14: [io  0xd248-0xd24b]
Mar 25 23:33:08 devbox kernel: [    0.268366] pci 0000:00:0d.0: reg 0x18: [io  0xd250-0xd257]
Mar 25 23:33:08 devbox kernel: [    0.268953] pci 0000:00:0d.0: reg 0x1c: [io  0xd258-0xd25b]
Mar 25 23:33:08 devbox kernel: [    0.269529] pci 0000:00:0d.0: reg 0x20: [io  0xd260-0xd26f]
Mar 25 23:33:08 devbox kernel: [    0.270095] pci 0000:00:0d.0: reg 0x24: [mem 0xf0806000-0xf0807fff]
Mar 25 23:33:08 devbox kernel: [    0.276105] ACPI: PCI: Interrupt link LNKA configured for IRQ 11
Mar 25 23:33:08 devbox kernel: [    0.276593] ACPI: PCI: Interrupt link LNKB configured for IRQ 10
Mar 25 23:33:08 devbox kernel: [    0.276910] ACPI: PCI: Interrupt link LNKC configured for IRQ 9
Mar 25 23:33:08 devbox kernel: [    0.277222] ACPI: PCI: Interrupt link LNKD configured for IRQ 11
Mar 25 23:33:08 devbox kernel: [    0.279377] iommu: Default domain type: Translated 
Mar 25 23:33:08 devbox kernel: [    0.279571] iommu: DMA domain TLB invalidation policy: lazy mode 
Mar 25 23:33:08 devbox kernel: [    0.280010] SCSI subsystem initialized
Mar 25 23:33:08 devbox kernel: [    0.280216] libata version 3.00 loaded.
Mar 25 23:33:08 devbox kernel: [    0.280273] pci 0000:00:02.0: vgaarb: setting as boot VGA device
Mar 25 23:33:08 devbox kernel: [    0.280517] pci 0000:00:02.0: vgaarb: VGA device added: decodes=io+mem,owns=io+mem,locks=none
Mar 25 23:33:08 devbox kernel: [    0.280827] pci 0000:00:02.0: vgaarb: bridge control possible
Mar 25 23:33:08 devbox kernel: [    0.281037] vgaarb: loaded
Mar 25 23:33:08 devbox kernel: [    0.281213] ACPI: bus type USB registered
Mar 25 23:33:08 devbox kernel: [    0.281393] usbcore: registered new interface driver usbfs
Mar 25 23:33:08 devbox kernel: [    0.281603] usbcore: registered new interface driver hub
Mar 25 23:33:08 devbox kernel: [    0.281811] usbcore: registered new device driver usb
Mar 25 23:33:08 devbox kernel: [    0.282028] pps_core: LinuxPPS API ver. 1 registered
Mar 25 23:33:08 devbox kernel: [    0.282220] pps_core: Software ver. 5.3.6 - Copyright 2005-2007 Rodolfo Giometti <giometti@linux.it>
Mar 25 23:33:08 devbox kernel: [    0.282548] PTP clock support registered
Mar 25 23:33:08 devbox kernel: [    0.282762] EDAC MC: Ver: 3.0.0
Mar 25 23:33:08 devbox kernel: [    0.283399] NetLabel: Initializing
Mar 25 23:33:08 devbox kernel: [    0.283582] NetLabel:  domain hash size = 128
Mar 25 23:33:08 devbox kernel: [    0.283792] NetLabel:  protocols = UNLABELED CIPSOv4 CALIPSO
Mar 25 23:33:08 devbox kernel: [    0.284183] NetLabel:  unlabeled traffic allowed by default
Mar 25 23:33:08 devbox kernel: [    0.284537] PCI: Using ACPI for IRQ routing
Mar 25 23:33:08 devbox kernel: [    0.284821] PCI: pci_cache_line_size set to 64 bytes
Mar 25 23:33:08 devbox kernel: [    0.285088] e820: reserve RAM buffer [mem 0x0009fc00-0x0009ffff]
Mar 25 23:33:08 devbox kernel: [    0.285096] e820: reserve RAM buffer [mem 0x3fff0000-0x3fffffff]
Mar 25 23:33:08 devbox kernel: [    0.286984] clocksource: Switched to clocksource kvm-clock
Mar 25 23:33:08 devbox kernel: [    0.292394] VFS: Disk quotas dquot_6.6.0
Mar 25 23:33:08 devbox kernel: [    0.292394] VFS: Dquot-cache hash table entries: 512 (order 0, 4096 bytes)
Mar 25 23:33:08 devbox kernel: [    0.292394] AppArmor: AppArmor Filesystem Enabled
Mar 25 23:33:08 devbox kernel: [    0.292394] pnp: PnP ACPI init
Mar 25 23:33:08 devbox kernel: [    0.302145] pnp: PnP ACPI: found 2 devices
Mar 25 23:33:08 devbox kernel: [    0.308848] clocksource: acpi_pm: mask: 0xffffff max_cycles: 0xffffff, max_idle_ns: 2085701024 ns
Mar 25 23:33:08 devbox kernel: [    0.309281] NET: Registered PF_INET protocol family
Mar 25 23:33:08 devbox kernel: [    0.309527] IP idents hash table entries: 16384 (order: 5, 131072 bytes, linear)
Mar 25 23:33:08 devbox kernel: [    0.310535] tcp_listen_portaddr_hash hash table entries: 512 (order: 1, 8192 bytes, linear)
Mar 25 23:33:08 devbox kernel: [    0.310880] Table-perturb hash table entries: 65536 (order: 6, 262144 bytes, linear)
Mar 25 23:33:08 devbox kernel: [    0.311192] TCP established hash table entries: 8192 (order: 4, 65536 bytes, linear)
Mar 25 23:33:08 devbox kernel: [    0.311505] TCP bind hash table entries: 8192 (order: 5, 131072 bytes, linear)
Mar 25 23:33:08 devbox kernel: [    0.311791] TCP: Hash tables configured (established 8192 bind 8192)
Mar 25 23:33:08 devbox kernel: [    0.312081] MPTCP token hash table entries: 1024 (order: 2, 24576 bytes, linear)
Mar 25 23:33:08 devbox kernel: [    0.312417] UDP hash table entries: 512 (order: 2, 16384 bytes, linear)
Mar 25 23:33:08 devbox kernel: [    0.312658] UDP-Lite hash table entries: 512 (order: 2, 16384 bytes, linear)
Mar 25 23:33:08 devbox kernel: [    0.312841] NET: Registered PF_UNIX/PF_LOCAL protocol family
Mar 25 23:33:08 devbox kernel: [    0.312841] NET: Registered PF_XDP protocol family
Mar 25 23:33:08 devbox kernel: [    0.312841] pci_bus 0000:00: resource 4 [io  0x0000-0x0cf7 window]
Mar 25 23:33:08 devbox kernel: [    0.312841] pci_bus 0000:00: resource 5 [io  0x0d00-0xffff window]
Mar 25 23:33:08 devbox kernel: [    0.312841] pci_bus 0000:00: resource 6 [mem 0x000a0000-0x000bffff window]
Mar 25 23:33:08 devbox kernel: [    0.312841] pci_bus 0000:00: resource 7 [mem 0x40000000-0xfdffffff window]
Mar 25 23:33:08 devbox kernel: [    0.314341] pci 0000:00:00.0: Limiting direct PCI/PCI transfers
Mar 25 23:33:08 devbox kernel: [    0.314568] pci 0000:00:01.0: Activating ISA DMA hang workarounds
Mar 25 23:33:08 devbox kernel: [    0.316956] PCI: CLS 0 bytes, default 64
Mar 25 23:33:08 devbox kernel: [    0.317177] Trying to unpack rootfs image as initramfs...
Mar 25 23:33:08 devbox kernel: [    0.321252] clocksource: tsc: mask: 0xffffffffffffffff max_cycles: 0x30e5debfb38, max_idle_ns: 440795265279 ns
Mar 25 23:33:08 devbox kernel: [    0.321712] clocksource: Switched to clocksource tsc
Mar 25 23:33:08 devbox kernel: [    0.321959] platform rtc_cmos: registered platform RTC device (no PNP device found)
Mar 25 23:33:08 devbox kernel: [    0.338691] Initialise system trusted keyrings
Mar 25 23:33:08 devbox kernel: [    0.338909] Key type blacklist registered
Mar 25 23:33:08 devbox kernel: [    0.339146] workingset: timestamp_bits=36 max_order=18 bucket_order=0
Mar 25 23:33:08 devbox kernel: [    0.340503] zbud: loaded
Mar 25 23:33:08 devbox kernel: [    0.340886] squashfs: version 4.0 (2009/01/31) Phillip Lougher
Mar 25 23:33:08 devbox kernel: [    0.341231] fuse: init (API version 7.34)
Mar 25 23:33:08 devbox kernel: [    0.341614] integrity: Platform Keyring initialized
Mar 25 23:33:08 devbox kernel: [    0.342338] Key type asymmetric registered
Mar 25 23:33:08 devbox kernel: [    0.342338] Asymmetric key parser 'x509' registered
Mar 25 23:33:08 devbox kernel: [    0.342338] Block layer SCSI generic (bsg) driver version 0.4 loaded (major 243)
Mar 25 23:33:08 devbox kernel: [    0.342338] io scheduler mq-deadline registered
Mar 25 23:33:08 devbox kernel: [    0.342338] shpchp: Standard Hot Plug PCI Controller Driver version: 0.4
Mar 25 23:33:08 devbox kernel: [    0.351804] ACPI: AC: AC Adapter [AC] (on-line)
Mar 25 23:33:08 devbox kernel: [    0.352064] input: Power Button as /devices/LNXSYSTM:00/LNXPWRBN:00/input/input0
Mar 25 23:33:08 devbox kernel: [    0.352495] ACPI: button: Power Button [PWRF]
Mar 25 23:33:08 devbox kernel: [    0.352829] input: Sleep Button as /devices/LNXSYSTM:00/LNXSLPBN:00/input/input1
Mar 25 23:33:08 devbox kernel: [    0.353164] ACPI: button: Sleep Button [SLPF]
Mar 25 23:33:08 devbox kernel: [    0.372472] Serial: 8250/16550 driver, 32 ports, IRQ sharing enabled
Mar 25 23:33:08 devbox kernel: [    0.374660] Linux agpgart interface v0.103
Mar 25 23:33:08 devbox kernel: [    0.376647] loop: module loaded
Mar 25 23:33:08 devbox kernel: [    0.376960] ata_piix 0000:00:01.1: version 2.13
Mar 25 23:33:08 devbox kernel: [    0.377407] scsi host0: ata_piix
Mar 25 23:33:08 devbox kernel: [    0.377687] scsi host1: ata_piix
Mar 25 23:33:08 devbox kernel: [    0.377877] ata1: PATA max UDMA/33 cmd 0x1f0 ctl 0x3f6 bmdma 0xd000 irq 14
Mar 25 23:33:08 devbox kernel: [    0.378130] ata2: PATA max UDMA/33 cmd 0x170 ctl 0x376 bmdma 0xd008 irq 15
Mar 25 23:33:08 devbox kernel: [    0.378503] tun: Universal TUN/TAP device driver, 1.6
Mar 25 23:33:08 devbox kernel: [    0.378953] PPP generic driver version 2.4.2
Mar 25 23:33:08 devbox kernel: [    0.379194] VFIO - User Level meta-driver version: 0.3
Mar 25 23:33:08 devbox kernel: [    0.379464] ehci_hcd: USB 2.0 'Enhanced' Host Controller (EHCI) Driver
Mar 25 23:33:08 devbox kernel: [    0.379709] ehci-pci: EHCI PCI platform driver
Mar 25 23:33:08 devbox kernel: [    0.380456] ehci-pci 0000:00:0b.0: EHCI Host Controller
Mar 25 23:33:08 devbox kernel: [    0.380662] ehci-pci 0000:00:0b.0: new USB bus registered, assigned bus number 1
Mar 25 23:33:08 devbox kernel: [    0.381130] ehci-pci 0000:00:0b.0: irq 19, io mem 0xf0805000
Mar 25 23:33:08 devbox kernel: [    0.399084] ehci-pci 0000:00:0b.0: USB 2.0 started, EHCI 1.00
Mar 25 23:33:08 devbox kernel: [    0.399411] usb usb1: New USB device found, idVendor=1d6b, idProduct=0002, bcdDevice= 5.15
Mar 25 23:33:08 devbox kernel: [    0.399782] usb usb1: New USB device strings: Mfr=3, Product=2, SerialNumber=1
Mar 25 23:33:08 devbox kernel: [    0.400081] usb usb1: Product: EHCI Host Controller
Mar 25 23:33:08 devbox kernel: [    0.400358] usb usb1: Manufacturer: Linux 5.15.0-100-generic ehci_hcd
Mar 25 23:33:08 devbox kernel: [    0.400730] usb usb1: SerialNumber: 0000:00:0b.0
Mar 25 23:33:08 devbox kernel: [    0.401200] hub 1-0:1.0: USB hub found
Mar 25 23:33:08 devbox kernel: [    0.401453] hub 1-0:1.0: 12 ports detected
Mar 25 23:33:08 devbox kernel: [    0.401915] ehci-platform: EHCI generic platform driver
Mar 25 23:33:08 devbox kernel: [    0.402147] ohci_hcd: USB 1.1 'Open' Host Controller (OHCI) Driver
Mar 25 23:33:08 devbox kernel: [    0.402884] ohci-pci: OHCI PCI platform driver
Mar 25 23:33:08 devbox kernel: [    0.408076] ohci-pci 0000:00:06.0: OHCI PCI host controller
Mar 25 23:33:08 devbox kernel: [    0.408335] ohci-pci 0000:00:06.0: new USB bus registered, assigned bus number 2
Mar 25 23:33:08 devbox kernel: [    0.408685] ohci-pci 0000:00:06.0: irq 22, io mem 0xf0804000
Mar 25 23:33:08 devbox kernel: [    0.470390] usb usb2: New USB device found, idVendor=1d6b, idProduct=0001, bcdDevice= 5.15
Mar 25 23:33:08 devbox kernel: [    0.470719] usb usb2: New USB device strings: Mfr=3, Product=2, SerialNumber=1
Mar 25 23:33:08 devbox kernel: [    0.471010] usb usb2: Product: OHCI PCI host controller
Mar 25 23:33:08 devbox kernel: [    0.471212] usb usb2: Manufacturer: Linux 5.15.0-100-generic ohci_hcd
Mar 25 23:33:08 devbox kernel: [    0.471443] usb usb2: SerialNumber: 0000:00:06.0
Mar 25 23:33:08 devbox kernel: [    0.471743] hub 2-0:1.0: USB hub found
Mar 25 23:33:08 devbox kernel: [    0.471927] hub 2-0:1.0: 12 ports detected
Mar 25 23:33:08 devbox kernel: [    0.472566] ohci-platform: OHCI generic platform driver
Mar 25 23:33:08 devbox kernel: [    0.472785] uhci_hcd: USB Universal Host Controller Interface driver
Mar 25 23:33:08 devbox kernel: [    0.473079] i8042: PNP: PS/2 Controller [PNP0303:PS2K,PNP0f03:PS2M] at 0x60,0x64 irq 1,12
Mar 25 23:33:08 devbox kernel: [    0.473804] serio: i8042 KBD port at 0x60,0x64 irq 1
Mar 25 23:33:08 devbox kernel: [    0.474007] serio: i8042 AUX port at 0x60,0x64 irq 12
Mar 25 23:33:08 devbox kernel: [    0.476602] mousedev: PS/2 mouse device common for all mice
Mar 25 23:33:08 devbox kernel: [    0.477050] input: AT Translated Set 2 keyboard as /devices/platform/i8042/serio0/input/input2
Mar 25 23:33:08 devbox kernel: [    0.477777] rtc_cmos rtc_cmos: registered as rtc0
Mar 25 23:33:08 devbox kernel: [    0.478008] rtc_cmos rtc_cmos: setting system clock to 2024-03-25T23:32:56 UTC (1711409576)
Mar 25 23:33:08 devbox kernel: [    0.478409] rtc_cmos rtc_cmos: alarms up to one day, 114 bytes nvram
Mar 25 23:33:08 devbox kernel: [    0.478652] i2c_dev: i2c /dev entries driver
Mar 25 23:33:08 devbox kernel: [    0.478855] device-mapper: core: CONFIG_IMA_DISABLE_HTABLE is disabled. Duplicate IMA measurements will not be recorded in the IMA log.
Mar 25 23:33:08 devbox kernel: [    0.479292] device-mapper: uevent: version 1.0.3
Mar 25 23:33:08 devbox kernel: [    0.481286] device-mapper: ioctl: 4.45.0-ioctl (2021-03-22) initialised: dm-devel@redhat.com
Mar 25 23:33:08 devbox kernel: [    0.481697] platform eisa.0: Probing EISA bus 0
Mar 25 23:33:08 devbox kernel: [    0.481927] platform eisa.0: EISA: Cannot allocate resource for mainboard
Mar 25 23:33:08 devbox kernel: [    0.482191] platform eisa.0: Cannot allocate resource for EISA slot 1
Mar 25 23:33:08 devbox kernel: [    0.482435] platform eisa.0: Cannot allocate resource for EISA slot 2
Mar 25 23:33:08 devbox kernel: [    0.482675] platform eisa.0: Cannot allocate resource for EISA slot 3
Mar 25 23:33:08 devbox kernel: [    0.483054] platform eisa.0: Cannot allocate resource for EISA slot 4
Mar 25 23:33:08 devbox kernel: [    0.483425] platform eisa.0: Cannot allocate resource for EISA slot 5
Mar 25 23:33:08 devbox kernel: [    0.483799] platform eisa.0: Cannot allocate resource for EISA slot 6
Mar 25 23:33:08 devbox kernel: [    0.484083] platform eisa.0: Cannot allocate resource for EISA slot 7
Mar 25 23:33:08 devbox kernel: [    0.484350] platform eisa.0: Cannot allocate resource for EISA slot 8
Mar 25 23:33:08 devbox kernel: [    0.484596] platform eisa.0: EISA: Detected 0 cards
Mar 25 23:33:08 devbox kernel: [    0.484803] intel_pstate: CPU model not supported
Mar 25 23:33:08 devbox kernel: [    0.490638] ledtrig-cpu: registered to indicate activity on CPUs
Mar 25 23:33:08 devbox kernel: [    0.491001] drop_monitor: Initializing network drop monitor service
Mar 25 23:33:08 devbox kernel: [    0.491392] NET: Registered PF_INET6 protocol family
Mar 25 23:33:08 devbox kernel: [    0.551592] ata2.00: ATAPI: VBOX CD-ROM, 1.0, max UDMA/133
Mar 25 23:33:08 devbox kernel: [    0.552743] scsi 1:0:0:0: CD-ROM            VBOX     CD-ROM           1.0  PQ: 0 ANSI: 5
Mar 25 23:33:08 devbox kernel: [    0.582110] sr 1:0:0:0: [sr0] scsi3-mmc drive: 32x/32x xa/form2 tray
Mar 25 23:33:08 devbox kernel: [    0.582373] cdrom: Uniform CD-ROM driver Revision: 3.20
Mar 25 23:33:08 devbox kernel: [    0.598042] sr 1:0:0:0: Attached scsi CD-ROM sr0
Mar 25 23:33:08 devbox kernel: [    0.598246] sr 1:0:0:0: Attached scsi generic sg0 type 5
Mar 25 23:33:08 devbox kernel: [    0.940101] usb 2-1: new full-speed USB device number 2 using ohci-pci
Mar 25 23:33:08 devbox kernel: [    1.069526] Freeing initrd memory: 107064K
Mar 25 23:33:08 devbox kernel: [    1.069526] Segment Routing with IPv6
Mar 25 23:33:08 devbox kernel: [    1.069526] In-situ OAM (IOAM) with IPv6
Mar 25 23:33:08 devbox kernel: [    1.069526] NET: Registered PF_PACKET protocol family
Mar 25 23:33:08 devbox kernel: [    1.069526] Key type dns_resolver registered
Mar 25 23:33:08 devbox kernel: [    1.083003] IPI shorthand broadcast: enabled
Mar 25 23:33:08 devbox kernel: [    1.083208] sched_clock: Marking stable (1050655369, 32296886)->(1087084288, -4132033)
Mar 25 23:33:08 devbox kernel: [    1.083616] registered taskstats version 1
Mar 25 23:33:08 devbox kernel: [    1.083832] Loading compiled-in X.509 certificates
Mar 25 23:33:08 devbox kernel: [    1.084726] Loaded X.509 cert 'Build time autogenerated kernel key: 73264fa08a389408c0b35a7a8a51c783d5158ed3'
Mar 25 23:33:08 devbox kernel: [    1.085670] Loaded X.509 cert 'Canonical Ltd. Live Patch Signing: 14df34d1a87cf37625abec039ef2bf521249b969'
Mar 25 23:33:08 devbox kernel: [    1.086587] Loaded X.509 cert 'Canonical Ltd. Kernel Module Signing: 88f752e560a1e0737e31163a466ad7b70a850c19'
Mar 25 23:33:08 devbox kernel: [    1.086932] blacklist: Loading compiled-in revocation X.509 certificates
Mar 25 23:33:08 devbox kernel: [    1.087185] Loaded X.509 cert 'Canonical Ltd. Secure Boot Signing: 61482aa2830d0ab2ad5af10b7250da9033ddcef0'
Mar 25 23:33:08 devbox kernel: [    1.087545] Loaded X.509 cert 'Canonical Ltd. Secure Boot Signing (2017): 242ade75ac4a15e50d50c84b0d45ff3eae707a03'
Mar 25 23:33:08 devbox kernel: [    1.087918] Loaded X.509 cert 'Canonical Ltd. Secure Boot Signing (ESM 2018): 365188c1d374d6b07c3c8f240f8ef722433d6a8b'
Mar 25 23:33:08 devbox kernel: [    1.088360] Loaded X.509 cert 'Canonical Ltd. Secure Boot Signing (2019): c0746fd6c5da3ae827864651ad66ae47fe24b3e8'
Mar 25 23:33:08 devbox kernel: [    1.088737] Loaded X.509 cert 'Canonical Ltd. Secure Boot Signing (2021 v1): a8d54bbb3825cfb94fa13c9f8a594a195c107b8d'
Mar 25 23:33:08 devbox kernel: [    1.089119] Loaded X.509 cert 'Canonical Ltd. Secure Boot Signing (2021 v2): 4cf046892d6fd3c9a5b03f98d845f90851dc6a8c'
Mar 25 23:33:08 devbox kernel: [    1.089499] Loaded X.509 cert 'Canonical Ltd. Secure Boot Signing (2021 v3): 100437bb6de6e469b581e61cd66bce3ef4ed53af'
Mar 25 23:33:08 devbox kernel: [    1.089882] Loaded X.509 cert 'Canonical Ltd. Secure Boot Signing (Ubuntu Core 2019): c1d57b8f6b743f23ee41f4f7ee292f06eecadfb9'
Mar 25 23:33:08 devbox kernel: [    1.090310] zswap: loaded using pool lzo/zbud
Mar 25 23:33:08 devbox kernel: [    1.090621] Key type .fscrypt registered
Mar 25 23:33:08 devbox kernel: [    1.090794] Key type fscrypt-provisioning registered
Mar 25 23:33:08 devbox kernel: [    1.094189] Key type encrypted registered
Mar 25 23:33:08 devbox kernel: [    1.094370] AppArmor: AppArmor sha1 policy hashing enabled
Mar 25 23:33:08 devbox kernel: [    1.094592] ima: No TPM chip found, activating TPM-bypass!
Mar 25 23:33:08 devbox kernel: [    1.094807] Loading compiled-in module X.509 certificates
Mar 25 23:33:08 devbox kernel: [    1.095855] Loaded X.509 cert 'Build time autogenerated kernel key: 73264fa08a389408c0b35a7a8a51c783d5158ed3'
Mar 25 23:33:08 devbox kernel: [    1.096447] ima: Allocated hash algorithm: sha1
Mar 25 23:33:08 devbox kernel: [    1.096666] ima: No architecture policies found
Mar 25 23:33:08 devbox kernel: [    1.096917] evm: Initialising EVM extended attributes:
Mar 25 23:33:08 devbox kernel: [    1.097118] evm: security.selinux
Mar 25 23:33:08 devbox kernel: [    1.097272] evm: security.SMACK64
Mar 25 23:33:08 devbox kernel: [    1.097440] evm: security.SMACK64EXEC
Mar 25 23:33:08 devbox kernel: [    1.097614] evm: security.SMACK64TRANSMUTE
Mar 25 23:33:08 devbox kernel: [    1.097800] evm: security.SMACK64MMAP
Mar 25 23:33:08 devbox kernel: [    1.097974] evm: security.apparmor
Mar 25 23:33:08 devbox kernel: [    1.098142] evm: security.ima
Mar 25 23:33:08 devbox kernel: [    1.098298] evm: security.capability
Mar 25 23:33:08 devbox kernel: [    1.098470] evm: HMAC attrs: 0x1
Mar 25 23:33:08 devbox kernel: [    1.098939] PM:   Magic number: 0:779:555
Mar 25 23:33:08 devbox kernel: [    1.099315] RAS: Correctable Errors collector initialized.
Mar 25 23:33:08 devbox kernel: [    1.100709] Freeing unused decrypted memory: 2036K
Mar 25 23:33:08 devbox kernel: [    1.101253] Freeing unused kernel image (initmem) memory: 3352K
Mar 25 23:33:08 devbox kernel: [    1.108414] Write protecting the kernel read-only data: 30720k
Mar 25 23:33:08 devbox kernel: [    1.108985] Freeing unused kernel image (text/rodata gap) memory: 2036K
Mar 25 23:33:08 devbox kernel: [    1.109424] Freeing unused kernel image (rodata/data gap) memory: 1408K
Mar 25 23:33:08 devbox kernel: [    1.150823] x86/mm: Checked W+X mappings: passed, no W+X pages found.
Mar 25 23:33:08 devbox kernel: [    1.151393] x86/mm: Checking user space page tables
Mar 25 23:33:08 devbox kernel: [    1.191908] x86/mm: Checked W+X mappings: passed, no W+X pages found.
Mar 25 23:33:08 devbox kernel: [    1.192214] Run /init as init process
Mar 25 23:33:08 devbox kernel: [    1.192378]   with arguments:
Mar 25 23:33:08 devbox kernel: [    1.192380]     /init
Mar 25 23:33:08 devbox kernel: [    1.192380]   with environment:
Mar 25 23:33:08 devbox kernel: [    1.192381]     HOME=/
Mar 25 23:33:08 devbox kernel: [    1.192382]     TERM=linux
Mar 25 23:33:08 devbox kernel: [    1.192382]     BOOT_IMAGE=/vmlinuz-5.15.0-100-generic
Mar 25 23:33:08 devbox kernel: [    1.274644] usb 2-1: New USB device found, idVendor=80ee, idProduct=0021, bcdDevice= 1.00
Mar 25 23:33:08 devbox kernel: [    1.274992] usb 2-1: New USB device strings: Mfr=1, Product=3, SerialNumber=0
Mar 25 23:33:08 devbox kernel: [    1.275258] usb 2-1: Product: USB Tablet
Mar 25 23:33:08 devbox kernel: [    1.275439] usb 2-1: Manufacturer: VirtualBox
Mar 25 23:33:08 devbox kernel: [    1.386816] ACPI: video: Video Device [GFX0] (multi-head: yes  rom: no  post: no)
Mar 25 23:33:08 devbox kernel: [    1.387212] input: Video Bus as /devices/LNXSYSTM:00/LNXSYBUS:00/PNP0A03:00/LNXVIDEO:00/input/input4
Mar 25 23:33:08 devbox kernel: [    1.405807] e1000: Intel(R) PRO/1000 Network Driver
Mar 25 23:33:08 devbox kernel: [    1.406027] e1000: Copyright (c) 1999-2006 Intel Corporation.
Mar 25 23:33:08 devbox kernel: [    1.409386] piix4_smbus 0000:00:07.0: SMBus Host Controller at 0x4100, revision 0
Mar 25 23:33:08 devbox kernel: [    1.420395] ahci 0000:00:0d.0: version 3.0
Mar 25 23:33:08 devbox kernel: [    1.422272] ahci 0000:00:0d.0: SSS flag set, parallel bus scan disabled
Mar 25 23:33:08 devbox kernel: [    1.422658] ahci 0000:00:0d.0: AHCI 0001.0100 32 slots 1 ports 3 Gbps 0x1 impl SATA mode
Mar 25 23:33:08 devbox kernel: [    1.422978] ahci 0000:00:0d.0: flags: 64bit ncq stag only ccc 
Mar 25 23:33:08 devbox kernel: [    1.439273] scsi host2: ahci
Mar 25 23:33:08 devbox kernel: [    1.439555] ata3: SATA max UDMA/133 abar m8192@0xf0806000 port 0xf0806100 irq 21
Mar 25 23:33:08 devbox kernel: [    1.461637] cryptd: max_cpu_qlen set to 1000
Mar 25 23:33:08 devbox kernel: [    1.497918] hid: raw HID events driver (C) Jiri Kosina
Mar 25 23:33:08 devbox kernel: [    1.635535] input: ImExPS/2 Generic Explorer Mouse as /devices/platform/i8042/serio1/input/input5
Mar 25 23:33:08 devbox kernel: [    1.767069] ata3: SATA link up 3.0 Gbps (SStatus 123 SControl 300)
Mar 25 23:33:08 devbox kernel: [    1.771449] ata3.00: ATA-6: VBOX HARDDISK, 1.0, max UDMA/133
Mar 25 23:33:08 devbox kernel: [    1.771664] ata3.00: 83886080 sectors, multi 128: LBA48 NCQ (depth 32)
Mar 25 23:33:08 devbox kernel: [    1.780548] ata3.00: configured for UDMA/133
Mar 25 23:33:08 devbox kernel: [    1.780865] scsi 2:0:0:0: Direct-Access     ATA      VBOX HARDDISK    1.0  PQ: 0 ANSI: 5
Mar 25 23:33:08 devbox kernel: [    1.781433] sd 2:0:0:0: [sda] 83886080 512-byte logical blocks: (42.9 GB/40.0 GiB)
Mar 25 23:33:08 devbox kernel: [    1.781756] sd 2:0:0:0: [sda] Write Protect is off
Mar 25 23:33:08 devbox kernel: [    1.781961] sd 2:0:0:0: [sda] Mode Sense: 00 3a 00 00
Mar 25 23:33:08 devbox kernel: [    1.781978] sd 2:0:0:0: Attached scsi generic sg1 type 0
Mar 25 23:33:08 devbox kernel: [    1.782226] sd 2:0:0:0: [sda] Write cache: enabled, read cache: enabled, doesn't support DPO or FUA
Mar 25 23:33:08 devbox kernel: [    1.818049]  sda: sda1 sda2 sda3
Mar 25 23:33:08 devbox kernel: [    1.818474] sd 2:0:0:0: [sda] Attached SCSI disk
Mar 25 23:33:08 devbox kernel: [    1.832702] AVX version of gcm_enc/dec engaged.
Mar 25 23:33:08 devbox kernel: [    1.832917] AES CTR mode by8 optimization enabled
Mar 25 23:33:08 devbox kernel: [    1.847145] usbcore: registered new interface driver usbhid
Mar 25 23:33:08 devbox kernel: [    1.847386] usbhid: USB HID core driver
Mar 25 23:33:08 devbox kernel: [    1.851249] input: VirtualBox USB Tablet as /devices/pci0000:00/0000:00:06.0/usb2/2-1/2-1:1.0/0003:80EE:0021.0001/input/input6
Mar 25 23:33:08 devbox kernel: [    1.852295] hid-generic 0003:80EE:0021.0001: input,hidraw0: USB HID v1.10 Mouse [VirtualBox USB Tablet] on usb-0000:00:06.0-1/input0
Mar 25 23:33:08 devbox kernel: [    1.908040] vmwgfx 0000:00:02.0: vgaarb: deactivate vga console
Mar 25 23:33:08 devbox kernel: [    1.909115] Console: switching to colour dummy device 80x25
Mar 25 23:33:08 devbox kernel: [    1.910364] [TTM] Zone  kernel: Available graphics memory: 490284 KiB
Mar 25 23:33:08 devbox kernel: [    1.910455] vmwgfx 0000:00:02.0: [drm] FIFO at 0x00000000f0000000 size is 2048 kiB
Mar 25 23:33:08 devbox kernel: [    1.910466] vmwgfx 0000:00:02.0: [drm] VRAM at 0x00000000e0000000 size is 16384 kiB
Mar 25 23:33:08 devbox kernel: [    1.910476] vmwgfx 0000:00:02.0: [drm] Running on SVGA version 2.
Mar 25 23:33:08 devbox kernel: [    1.910483] vmwgfx 0000:00:02.0: [drm] DMA map mode: Caching DMA mappings.
Mar 25 23:33:08 devbox kernel: [    1.910519] vmwgfx 0000:00:02.0: [drm] Legacy memory limits: VRAM = 16384 kB, FIFO = 2048 kB, surface = 507904 kB
Mar 25 23:33:08 devbox kernel: [    1.910523] vmwgfx 0000:00:02.0: [drm] MOB limits: max mob size = 0 kB, max mob pages = 0
Mar 25 23:33:08 devbox kernel: [    1.910527] vmwgfx 0000:00:02.0: [drm] Capabilities: cursor, cursor bypass 2, alpha cursor, 3D, extended fifo, pitchlock, irq mask, gmr, traces, gmr2, screen object 2, 
Mar 25 23:33:08 devbox kernel: [    1.910531] vmwgfx 0000:00:02.0: [drm] Max GMR ids is 8192
Mar 25 23:33:08 devbox kernel: [    1.910533] vmwgfx 0000:00:02.0: [drm] Max number of GMR pages is 1048576
Mar 25 23:33:08 devbox kernel: [    1.910535] vmwgfx 0000:00:02.0: [drm] Maximum display memory size is 16384 kiB
Mar 25 23:33:08 devbox kernel: [    1.921684] vmwgfx 0000:00:02.0: [drm] Screen Object display unit initialized
Mar 25 23:33:08 devbox kernel: [    1.922097] vmwgfx 0000:00:02.0: [drm] Fifo max 0x00200000 min 0x00001000 cap 0x00000355
Mar 25 23:33:08 devbox kernel: [    1.922113] vmwgfx 0000:00:02.0: [drm] Available shader model: Legacy.
Mar 25 23:33:08 devbox kernel: [    1.922120] [drm:vmw_host_printf [vmwgfx]] *ERROR* Failed to send host log message.
Mar 25 23:33:08 devbox kernel: [    1.923864] fbcon: svgadrmfb (fb0) is primary device
Mar 25 23:33:08 devbox kernel: [    1.924973] Console: switching to colour frame buffer device 100x37
Mar 25 23:33:08 devbox kernel: [    1.928867] [drm] Initialized vmwgfx 2.19.0 20210722 for 0000:00:02.0 on minor 0
Mar 25 23:33:08 devbox kernel: [    1.970164] e1000 0000:00:03.0 eth0: (PCI:33MHz:32-bit) 08:00:27:74:96:59
Mar 25 23:33:08 devbox kernel: [    1.970198] e1000 0000:00:03.0 eth0: Intel(R) PRO/1000 Network Connection
Mar 25 23:33:08 devbox kernel: [    1.971858] e1000 0000:00:03.0 enp0s3: renamed from eth0
Mar 25 23:33:08 devbox kernel: [    2.090470] random: lvm: uninitialized urandom read (4 bytes read)
Mar 25 23:33:08 devbox kernel: [    2.102674] random: lvm: uninitialized urandom read (2 bytes read)
Mar 25 23:33:08 devbox kernel: [    2.381945] raid6: sse2x4   gen() 16411 MB/s
Mar 25 23:33:08 devbox kernel: [    2.460377] raid6: sse2x4   xor()  9536 MB/s
Mar 25 23:33:08 devbox kernel: [    2.538920] raid6: sse2x2   gen() 16519 MB/s
Mar 25 23:33:08 devbox kernel: [    2.624169] raid6: sse2x2   xor()  9856 MB/s
Mar 25 23:33:08 devbox kernel: [    2.702736] raid6: sse2x1   gen() 14921 MB/s
Mar 25 23:33:08 devbox kernel: [    2.792030] raid6: sse2x1   xor() 10587 MB/s
Mar 25 23:33:08 devbox kernel: [    2.792445] raid6: using algorithm sse2x2 gen() 16519 MB/s
Mar 25 23:33:08 devbox kernel: [    2.792853] raid6: .... xor() 9856 MB/s, rmw enabled
Mar 25 23:33:08 devbox kernel: [    2.793254] raid6: using ssse3x2 recovery algorithm
Mar 25 23:33:08 devbox kernel: [    2.795458] xor: automatically using best checksumming function   avx       
Mar 25 23:33:08 devbox kernel: [    2.797520] async_tx: api initialized (async)
Mar 25 23:33:08 devbox kernel: [    2.832105] random: lvm: uninitialized urandom read (4 bytes read)
Mar 25 23:33:08 devbox kernel: [    2.909089] Btrfs loaded, crc32c=crc32c-intel, zoned=yes, fsverity=yes
Mar 25 23:33:08 devbox kernel: [    3.284331] EXT4-fs (dm-0): mounted filesystem with ordered data mode. Opts: (null). Quota mode: none.
Mar 25 23:33:08 devbox kernel: [    3.632146] systemd[1]: Inserted module 'autofs4'
Mar 25 23:33:08 devbox kernel: [    3.679376] systemd[1]: systemd 249.11-0ubuntu3.12 running in system mode (+PAM +AUDIT +SELINUX +APPARMOR +IMA +SMACK +SECCOMP +GCRYPT +GNUTLS +OPENSSL +ACL +BLKID +CURL +ELFUTILS +FIDO2 +IDN2 -IDN +IPTC +KMOD +LIBCRYPTSETUP +LIBFDISK +PCRE2 -PWQUALITY -P11KIT -QRENCODE +BZIP2 +LZ4 +XZ +ZLIB +ZSTD -XKBCOMMON +UTMP +SYSVINIT default-hierarchy=unified)
Mar 25 23:33:08 devbox kernel: [    3.683816] systemd[1]: Detected virtualization oracle.
Mar 25 23:33:08 devbox kernel: [    3.684861] systemd[1]: Detected architecture x86-64.
Mar 25 23:33:08 devbox kernel: [    3.695373] systemd[1]: Hostname set to <devbox>.
Mar 25 23:33:08 devbox kernel: [    3.866676] random: lvmconfig: uninitialized urandom read (4 bytes read)
Mar 25 23:33:08 devbox kernel: [    4.362668] random: systemd: uninitialized urandom read (16 bytes read)
Mar 25 23:33:08 devbox kernel: [    4.366152] systemd[1]: Queued start job for default target Graphical Interface.
Mar 25 23:33:08 devbox kernel: [    4.367906] random: systemd: uninitialized urandom read (16 bytes read)
Mar 25 23:33:08 devbox kernel: [    4.371937] systemd[1]: Created slice Slice /system/modprobe.
Mar 25 23:33:08 devbox kernel: [    4.375349] systemd[1]: Created slice Slice /system/systemd-fsck.
Mar 25 23:33:08 devbox kernel: [    4.378357] systemd[1]: Created slice User and Session Slice.
Mar 25 23:33:08 devbox kernel: [    4.380671] systemd[1]: Started Forward Password Requests to Wall Directory Watch.
Mar 25 23:33:08 devbox kernel: [    4.382954] systemd[1]: Set up automount Arbitrary Executable File Formats File System Automount Point.
Mar 25 23:33:08 devbox kernel: [    4.385906] systemd[1]: Reached target Slice Units.
Mar 25 23:33:08 devbox kernel: [    4.387811] systemd[1]: Reached target Mounting snaps.
Mar 25 23:33:08 devbox kernel: [    4.389615] systemd[1]: Reached target Local Verity Protected Volumes.
Mar 25 23:33:08 devbox kernel: [    4.391485] systemd[1]: Listening on Device-mapper event daemon FIFOs.
Mar 25 23:33:08 devbox kernel: [    4.393333] systemd[1]: Listening on LVM2 poll daemon socket.
Mar 25 23:33:08 devbox kernel: [    4.395132] systemd[1]: Listening on multipathd control socket.
Mar 25 23:33:08 devbox kernel: [    4.397025] systemd[1]: Listening on Syslog Socket.
Mar 25 23:33:08 devbox kernel: [    4.398719] systemd[1]: Listening on fsck to fsckd communication Socket.
Mar 25 23:33:08 devbox kernel: [    4.400330] systemd[1]: Listening on initctl Compatibility Named Pipe.
Mar 25 23:33:08 devbox kernel: [    4.402168] systemd[1]: Listening on Journal Audit Socket.
Mar 25 23:33:08 devbox kernel: [    4.403854] systemd[1]: Listening on Journal Socket (/dev/log).
Mar 25 23:33:08 devbox kernel: [    4.405519] systemd[1]: Listening on Journal Socket.
Mar 25 23:33:08 devbox kernel: [    4.407226] systemd[1]: Listening on Network Service Netlink Socket.
Mar 25 23:33:08 devbox kernel: [    4.408847] systemd[1]: Listening on udev Control Socket.
Mar 25 23:33:08 devbox kernel: [    4.410362] systemd[1]: Listening on udev Kernel Socket.
Mar 25 23:33:08 devbox kernel: [    4.413481] systemd[1]: Mounting Huge Pages File System...
Mar 25 23:33:08 devbox kernel: [    4.418815] systemd[1]: Mounting POSIX Message Queue File System...
Mar 25 23:33:08 devbox kernel: [    4.424925] systemd[1]: Mounting Kernel Debug File System...
Mar 25 23:33:08 devbox kernel: [    4.429175] systemd[1]: Mounting Kernel Trace File System...
Mar 25 23:33:08 devbox kernel: [    4.433758] systemd[1]: Starting Journal Service...
Mar 25 23:33:08 devbox kernel: [    4.444063] systemd[1]: Starting Set the console keyboard layout...
Mar 25 23:33:08 devbox kernel: [    4.446163] systemd[1]: Starting Create List of Static Device Nodes...
Mar 25 23:33:08 devbox kernel: [    4.448160] systemd[1]: Starting Monitoring of LVM2 mirrors, snapshots etc. using dmeventd or progress polling...
Mar 25 23:33:08 devbox kernel: [    4.449660] systemd[1]: Condition check resulted in LXD - agent being skipped.
Mar 25 23:33:08 devbox kernel: [    4.451101] systemd[1]: Starting Load Kernel Module configfs...
Mar 25 23:33:08 devbox kernel: [    4.453078] systemd[1]: Starting Load Kernel Module drm...
Mar 25 23:33:08 devbox kernel: [    4.454998] systemd[1]: Starting Load Kernel Module efi_pstore...
Mar 25 23:33:08 devbox kernel: [    4.456973] systemd[1]: Starting Load Kernel Module fuse...
Mar 25 23:33:08 devbox kernel: [    4.458038] systemd[1]: Condition check resulted in OpenVSwitch configuration for cleanup being skipped.
Mar 25 23:33:08 devbox kernel: [    4.474683] systemd[1]: Condition check resulted in File System Check on Root Device being skipped.
Mar 25 23:33:08 devbox kernel: [    4.478702] systemd[1]: Starting Load Kernel Modules...
Mar 25 23:33:08 devbox kernel: [    4.487243] systemd[1]: Starting Remount Root and Kernel File Systems...
Mar 25 23:33:08 devbox kernel: [    4.490311] systemd[1]: Starting Coldplug All udev Devices...
Mar 25 23:33:08 devbox kernel: [    4.493413] systemd[1]: Mounted Huge Pages File System.
Mar 25 23:33:08 devbox kernel: [    4.494565] systemd[1]: Mounted POSIX Message Queue File System.
Mar 25 23:33:08 devbox kernel: [    4.495718] systemd[1]: Mounted Kernel Debug File System.
Mar 25 23:33:08 devbox kernel: [    4.496872] systemd[1]: Mounted Kernel Trace File System.
Mar 25 23:33:08 devbox kernel: [    4.505072] systemd[1]: Finished Create List of Static Device Nodes.
Mar 25 23:33:08 devbox kernel: [    4.539780] EXT4-fs (dm-0): re-mounted. Opts: (null). Quota mode: none.
Mar 25 23:33:08 devbox kernel: [    4.542075] systemd[1]: Finished Load Kernel Modules.
Mar 25 23:33:08 devbox kernel: [    4.544278] systemd[1]: Starting Apply Kernel Variables...
Mar 25 23:33:08 devbox kernel: [    4.559014] systemd[1]: modprobe@configfs.service: Deactivated successfully.
Mar 25 23:33:08 devbox kernel: [    4.559866] systemd[1]: Finished Load Kernel Module configfs.
Mar 25 23:33:08 devbox kernel: [    4.576615] systemd[1]: Mounting Kernel Configuration File System...
Mar 25 23:33:08 devbox kernel: [    4.581353] systemd[1]: Finished Remount Root and Kernel File Systems.
Mar 25 23:33:08 devbox kernel: [    4.583227] systemd[1]: Mounted Kernel Configuration File System.
Mar 25 23:33:08 devbox kernel: [    4.589580] systemd[1]: Activating swap /swap.img...
Mar 25 23:33:08 devbox kernel: [    4.594152] systemd[1]: Starting Device-Mapper Multipath Device Controller...
Mar 25 23:33:08 devbox kernel: [    4.600849] systemd[1]: Starting Load/Save Random Seed...
Mar 25 23:33:08 devbox kernel: [    4.605835] systemd[1]: Starting Create System Users...
Mar 25 23:33:08 devbox kernel: [    4.608689] systemd[1]: modprobe@drm.service: Deactivated successfully.
Mar 25 23:33:08 devbox kernel: [    4.611511] systemd[1]: Finished Load Kernel Module drm.
Mar 25 23:33:08 devbox kernel: [    4.613799] systemd[1]: modprobe@efi_pstore.service: Deactivated successfully.
Mar 25 23:33:08 devbox kernel: [    4.617313] systemd[1]: Finished Load Kernel Module efi_pstore.
Mar 25 23:33:08 devbox kernel: [    4.618747] systemd[1]: modprobe@fuse.service: Deactivated successfully.
Mar 25 23:33:08 devbox kernel: [    4.622846] systemd[1]: Finished Load Kernel Module fuse.
Mar 25 23:33:08 devbox kernel: [    4.628787] systemd[1]: Mounting FUSE Control File System...
Mar 25 23:33:08 devbox kernel: [    4.629938] systemd[1]: Condition check resulted in Platform Persistent Storage Archival being skipped.
Mar 25 23:33:08 devbox kernel: [    4.635933] systemd[1]: Mounted FUSE Control File System.
Mar 25 23:33:08 devbox kernel: [    4.641627] systemd[1]: Finished Apply Kernel Variables.
Mar 25 23:33:08 devbox kernel: [    4.643729] systemd[1]: Finished Monitoring of LVM2 mirrors, snapshots etc. using dmeventd or progress polling.
Mar 25 23:33:08 devbox kernel: [    4.644534] Adding 1960956k swap on /swap.img.  Priority:-2 extents:5 across:15851520k FS
Mar 25 23:33:08 devbox kernel: [    4.644604] systemd[1]: Activated swap /swap.img.
Mar 25 23:33:08 devbox kernel: [    4.645263] systemd[1]: Reached target Swaps.
Mar 25 23:33:08 devbox kernel: [    4.662642] alua: device handler registered
Mar 25 23:33:08 devbox kernel: [    4.666301] emc: device handler registered
Mar 25 23:33:08 devbox kernel: [    4.668772] rdac: device handler registered
Mar 25 23:33:08 devbox kernel: [    4.678652] systemd[1]: Finished Create System Users.
Mar 25 23:33:08 devbox kernel: [    4.690719] systemd[1]: Starting Create Static Device Nodes in /dev...
Mar 25 23:33:08 devbox kernel: [    4.731880] systemd[1]: Finished Create Static Device Nodes in /dev.
Mar 25 23:33:08 devbox kernel: [    4.734371] systemd[1]: Starting Rule-based Manager for Device Events and Files...
Mar 25 23:33:08 devbox kernel: [    4.805367] systemd[1]: Started Device-Mapper Multipath Device Controller.
Mar 25 23:33:08 devbox kernel: [    4.810214] systemd[1]: Started Journal Service.
Mar 25 23:33:08 devbox kernel: [    4.834246] systemd-journald[373]: Received client request to flush runtime journal.
Mar 25 23:33:08 devbox kernel: [    4.846307] systemd-journald[373]: File /var/log/journal/9a240bbe1bb14fba8011ea7812039a87/system.journal corrupted or uncleanly shut down, renaming and replacing.
Mar 25 23:33:08 devbox kernel: [    4.903855] random: systemd: uninitialized urandom read (16 bytes read)
Mar 25 23:33:08 devbox kernel: [    4.904523] random: systemd: uninitialized urandom read (16 bytes read)
Mar 25 23:33:08 devbox kernel: [    4.924583] random: systemd: uninitialized urandom read (16 bytes read)
Mar 25 23:33:08 devbox kernel: [    4.951506] loop0: detected capacity change from 0 to 178152
Mar 25 23:33:08 devbox kernel: [    4.952045] loop1: detected capacity change from 0 to 130888
Mar 25 23:33:08 devbox kernel: [    4.952385] loop2: detected capacity change from 0 to 82800
Mar 25 23:33:08 devbox kernel: [    4.952718] loop3: detected capacity change from 0 to 178184
Mar 25 23:33:08 devbox kernel: [    4.953071] loop4: detected capacity change from 0 to 130880
Mar 25 23:33:08 devbox kernel: [    4.959282] loop5: detected capacity change from 0 to 80072
Mar 25 23:33:08 devbox kernel: [    5.696559] random: crng init done
Mar 25 23:33:08 devbox kernel: [    5.696562] random: 96 urandom warning(s) missed due to ratelimiting
Mar 25 23:33:08 devbox kernel: [    5.772636] vboxguest: host-version: 6.1.50r161033 0x8000000f
Mar 25 23:33:08 devbox kernel: [    5.774614] vbg_heartbeat_init: Setting up heartbeat to trigger every 2000 milliseconds
Mar 25 23:33:08 devbox kernel: [    5.774706] input: VirtualBox mouse integration as /devices/pci0000:00/0000:00:04.0/input/input7
Mar 25 23:33:08 devbox kernel: [    5.776291] vboxguest: misc device minor 123, IRQ 20, I/O port d040, MMIO at 0x00000000f0400000 (size 0x0000000000400000)
Mar 25 23:33:08 devbox kernel: [    5.962537] RAPL PMU: API unit is 2^-32 Joules, 0 fixed counters, 10737418240 ms ovfl timer
